gfortran -ffree-line-length-none -m64 -std=f2003 -march=native -mno-avx -pedantic -g -fbounds-check -Wall -fbacktrace -finit-real=nan  -c ../rte/mo_rte_kind.F90
gfortran -ffree-line-length-none -m64 -std=f2003 -march=native -mno-avx -pedantic -g -fbounds-check -Wall -fbacktrace -finit-real=nan  -c ../rte/kernels/mo_optical_props_kernels.F90
../rte/kernels/mo_optical_props_kernels.F90:698:32:

   function any_vals_less_than(nx, ny, nz, array, minVal) bind(C, name="any_vals_less_than")
                                1
Warning: Variable ‘nx’ at (1) is a dummy argument of the BIND(C) procedure ‘any_vals_less_than’ but may not be C interoperable [-Wc-binding-type]
../rte/kernels/mo_optical_props_kernels.F90:698:36:

   function any_vals_less_than(nx, ny, nz, array, minVal) bind(C, name="any_vals_less_than")
                                    1
Warning: Variable ‘ny’ at (1) is a dummy argument of the BIND(C) procedure ‘any_vals_less_than’ but may not be C interoperable [-Wc-binding-type]
../rte/kernels/mo_optical_props_kernels.F90:698:40:

   function any_vals_less_than(nx, ny, nz, array, minVal) bind(C, name="any_vals_less_than")
                                        1
Warning: Variable ‘nz’ at (1) is a dummy argument of the BIND(C) procedure ‘any_vals_less_than’ but may not be C interoperable [-Wc-binding-type]
../rte/kernels/mo_optical_props_kernels.F90:707:30:

   function any_vals_outside(nx, ny, nz, array, minVal, maxVal) bind(C, name="any_vals_outside")
                              1
Warning: Variable ‘nx’ at (1) is a dummy argument of the BIND(C) procedure ‘any_vals_outside’ but may not be C interoperable [-Wc-binding-type]
../rte/kernels/mo_optical_props_kernels.F90:707:34:

   function any_vals_outside(nx, ny, nz, array, minVal, maxVal) bind(C, name="any_vals_outside")
                                  1
Warning: Variable ‘ny’ at (1) is a dummy argument of the BIND(C) procedure ‘any_vals_outside’ but may not be C interoperable [-Wc-binding-type]
../rte/kernels/mo_optical_props_kernels.F90:707:38:

   function any_vals_outside(nx, ny, nz, array, minVal, maxVal) bind(C, name="any_vals_outside")
                                      1
Warning: Variable ‘nz’ at (1) is a dummy argument of the BIND(C) procedure ‘any_vals_outside’ but may not be C interoperable [-Wc-binding-type]
../rte/kernels/mo_optical_props_kernels.F90:46:43:

   pure subroutine delta_scale_2str_f_k(ncol, nlay, ngpt, tau, ssa, g, f) &
                                           1
Warning: Variable ‘ncol’ at (1) is a dummy argument of the BIND(C) procedure ‘delta_scale_2str_f_k’ but may not be C interoperable [-Wc-binding-type]
../rte/kernels/mo_optical_props_kernels.F90:46:49:

   pure subroutine delta_scale_2str_f_k(ncol, nlay, ngpt, tau, ssa, g, f) &
                                                 1
Warning: Variable ‘nlay’ at (1) is a dummy argument of the BIND(C) procedure ‘delta_scale_2str_f_k’ but may not be C interoperable [-Wc-binding-type]
../rte/kernels/mo_optical_props_kernels.F90:46:55:

   pure subroutine delta_scale_2str_f_k(ncol, nlay, ngpt, tau, ssa, g, f) &
                                                       1
Warning: Variable ‘ngpt’ at (1) is a dummy argument of the BIND(C) procedure ‘delta_scale_2str_f_k’ but may not be C interoperable [-Wc-binding-type]
../rte/kernels/mo_optical_props_kernels.F90:72:41:

   pure subroutine delta_scale_2str_k(ncol, nlay, ngpt, tau, ssa, g) &
                                         1
Warning: Variable ‘ncol’ at (1) is a dummy argument of the BIND(C) procedure ‘delta_scale_2str_k’ but may not be C interoperable [-Wc-binding-type]
../rte/kernels/mo_optical_props_kernels.F90:72:47:

   pure subroutine delta_scale_2str_k(ncol, nlay, ngpt, tau, ssa, g) &
                                               1
Warning: Variable ‘nlay’ at (1) is a dummy argument of the BIND(C) procedure ‘delta_scale_2str_k’ but may not be C interoperable [-Wc-binding-type]
../rte/kernels/mo_optical_props_kernels.F90:72:53:

   pure subroutine delta_scale_2str_k(ncol, nlay, ngpt, tau, ssa, g) &
                                                     1
Warning: Variable ‘ngpt’ at (1) is a dummy argument of the BIND(C) procedure ‘delta_scale_2str_k’ but may not be C interoperable [-Wc-binding-type]
../rte/kernels/mo_optical_props_kernels.F90:672:52:

   pure subroutine extract_subset_absorption_tau(ncol, nlay, ngpt, tau_in, ssa_in, &
                                                    1
Warning: Variable ‘ncol’ at (1) is a dummy argument of the BIND(C) procedure ‘extract_subset_absorption_tau’ but may not be C interoperable [-Wc-binding-type]
../rte/kernels/mo_optical_props_kernels.F90:672:58:

   pure subroutine extract_subset_absorption_tau(ncol, nlay, ngpt, tau_in, ssa_in, &
                                                          1
Warning: Variable ‘nlay’ at (1) is a dummy argument of the BIND(C) procedure ‘extract_subset_absorption_tau’ but may not be C interoperable [-Wc-binding-type]
../rte/kernels/mo_optical_props_kernels.F90:672:64:

   pure subroutine extract_subset_absorption_tau(ncol, nlay, ngpt, tau_in, ssa_in, &
                                                                1
Warning: Variable ‘ngpt’ at (1) is a dummy argument of the BIND(C) procedure ‘extract_subset_absorption_tau’ but may not be C interoperable [-Wc-binding-type]
../rte/kernels/mo_optical_props_kernels.F90:673:52:

                                                 colS, colE, tau_out)              &
                                                    1
Warning: Variable ‘cols’ at (1) is a dummy argument of the BIND(C) procedure ‘extract_subset_absorption_tau’ but may not be C interoperable [-Wc-binding-type]
../rte/kernels/mo_optical_props_kernels.F90:673:58:

                                                 colS, colE, tau_out)              &
                                                          1
Warning: Variable ‘cole’ at (1) is a dummy argument of the BIND(C) procedure ‘extract_subset_absorption_tau’ but may not be C interoperable [-Wc-binding-type]
../rte/kernels/mo_optical_props_kernels.F90:628:45:

   pure subroutine extract_subset_dim1_3d(ncol, nlay, ngpt, array_in, colS, colE, array_out) &
                                             1
Warning: Variable ‘ncol’ at (1) is a dummy argument of the BIND(C) procedure ‘extract_subset_dim1_3d’ but may not be C interoperable [-Wc-binding-type]
../rte/kernels/mo_optical_props_kernels.F90:628:51:

   pure subroutine extract_subset_dim1_3d(ncol, nlay, ngpt, array_in, colS, colE, array_out) &
                                                   1
Warning: Variable ‘nlay’ at (1) is a dummy argument of the BIND(C) procedure ‘extract_subset_dim1_3d’ but may not be C interoperable [-Wc-binding-type]
../rte/kernels/mo_optical_props_kernels.F90:628:57:

   pure subroutine extract_subset_dim1_3d(ncol, nlay, ngpt, array_in, colS, colE, array_out) &
                                                         1
Warning: Variable ‘ngpt’ at (1) is a dummy argument of the BIND(C) procedure ‘extract_subset_dim1_3d’ but may not be C interoperable [-Wc-binding-type]
../rte/kernels/mo_optical_props_kernels.F90:628:73:

   pure subroutine extract_subset_dim1_3d(ncol, nlay, ngpt, array_in, colS, colE, array_out) &
                                                                         1
Warning: Variable ‘cols’ at (1) is a dummy argument of the BIND(C) procedure ‘extract_subset_dim1_3d’ but may not be C interoperable [-Wc-binding-type]
../rte/kernels/mo_optical_props_kernels.F90:628:79:

   pure subroutine extract_subset_dim1_3d(ncol, nlay, ngpt, array_in, colS, colE, array_out) &
                                                                               1
Warning: Variable ‘cole’ at (1) is a dummy argument of the BIND(C) procedure ‘extract_subset_dim1_3d’ but may not be C interoperable [-Wc-binding-type]
../rte/kernels/mo_optical_props_kernels.F90:647:45:

   pure subroutine extract_subset_dim2_4d(nmom, ncol, nlay, ngpt, array_in, colS, colE, array_out) &
                                             1
Warning: Variable ‘nmom’ at (1) is a dummy argument of the BIND(C) procedure ‘extract_subset_dim2_4d’ but may not be C interoperable [-Wc-binding-type]
../rte/kernels/mo_optical_props_kernels.F90:647:51:

   pure subroutine extract_subset_dim2_4d(nmom, ncol, nlay, ngpt, array_in, colS, colE, array_out) &
                                                   1
Warning: Variable ‘ncol’ at (1) is a dummy argument of the BIND(C) procedure ‘extract_subset_dim2_4d’ but may not be C interoperable [-Wc-binding-type]
../rte/kernels/mo_optical_props_kernels.F90:647:57:

   pure subroutine extract_subset_dim2_4d(nmom, ncol, nlay, ngpt, array_in, colS, colE, array_out) &
                                                         1
Warning: Variable ‘nlay’ at (1) is a dummy argument of the BIND(C) procedure ‘extract_subset_dim2_4d’ but may not be C interoperable [-Wc-binding-type]
../rte/kernels/mo_optical_props_kernels.F90:647:63:

   pure subroutine extract_subset_dim2_4d(nmom, ncol, nlay, ngpt, array_in, colS, colE, array_out) &
                                                               1
Warning: Variable ‘ngpt’ at (1) is a dummy argument of the BIND(C) procedure ‘extract_subset_dim2_4d’ but may not be C interoperable [-Wc-binding-type]
../rte/kernels/mo_optical_props_kernels.F90:647:79:

   pure subroutine extract_subset_dim2_4d(nmom, ncol, nlay, ngpt, array_in, colS, colE, array_out) &
                                                                               1
Warning: Variable ‘cols’ at (1) is a dummy argument of the BIND(C) procedure ‘extract_subset_dim2_4d’ but may not be C interoperable [-Wc-binding-type]
../rte/kernels/mo_optical_props_kernels.F90:647:85:

   pure subroutine extract_subset_dim2_4d(nmom, ncol, nlay, ngpt, array_in, colS, colE, array_out) &
                                                                                     1
Warning: Variable ‘cole’ at (1) is a dummy argument of the BIND(C) procedure ‘extract_subset_dim2_4d’ but may not be C interoperable [-Wc-binding-type]
../rte/kernels/mo_optical_props_kernels.F90:358:51:

   pure subroutine inc_1scalar_by_1scalar_bybnd(ncol, nlay, ngpt, &
                                                   1
Warning: Variable ‘ncol’ at (1) is a dummy argument of the BIND(C) procedure ‘inc_1scalar_by_1scalar_bybnd’ but may not be C interoperable [-Wc-binding-type]
../rte/kernels/mo_optical_props_kernels.F90:358:57:

   pure subroutine inc_1scalar_by_1scalar_bybnd(ncol, nlay, ngpt, &
                                                         1
Warning: Variable ‘nlay’ at (1) is a dummy argument of the BIND(C) procedure ‘inc_1scalar_by_1scalar_bybnd’ but may not be C interoperable [-Wc-binding-type]
../rte/kernels/mo_optical_props_kernels.F90:358:63:

   pure subroutine inc_1scalar_by_1scalar_bybnd(ncol, nlay, ngpt, &
                                                               1
Warning: Variable ‘ngpt’ at (1) is a dummy argument of the BIND(C) procedure ‘inc_1scalar_by_1scalar_bybnd’ but may not be C interoperable [-Wc-binding-type]
../rte/kernels/mo_optical_props_kernels.F90:361:51:

                                                nbnd, gpt_lims) bind(C, name="inc_1scalar_by_1scalar_bybnd")
                                                   1
Warning: Variable ‘nbnd’ at (1) is a dummy argument of the BIND(C) procedure ‘inc_1scalar_by_1scalar_bybnd’ but may not be C interoperable [-Wc-binding-type]
../rte/kernels/mo_optical_props_kernels.F90:361:61:

                                                nbnd, gpt_lims) bind(C, name="inc_1scalar_by_1scalar_bybnd")
                                                             1
Warning: Variable ‘gpt_lims’ at (1) is a dummy argument of the BIND(C) procedure ‘inc_1scalar_by_1scalar_bybnd’ but may not be C interoperable [-Wc-binding-type]
../rte/kernels/mo_optical_props_kernels.F90:377:51:

   pure subroutine inc_1scalar_by_2stream_bybnd(ncol, nlay, ngpt, &
                                                   1
Warning: Variable ‘ncol’ at (1) is a dummy argument of the BIND(C) procedure ‘inc_1scalar_by_2stream_bybnd’ but may not be C interoperable [-Wc-binding-type]
../rte/kernels/mo_optical_props_kernels.F90:377:57:

   pure subroutine inc_1scalar_by_2stream_bybnd(ncol, nlay, ngpt, &
                                                         1
Warning: Variable ‘nlay’ at (1) is a dummy argument of the BIND(C) procedure ‘inc_1scalar_by_2stream_bybnd’ but may not be C interoperable [-Wc-binding-type]
../rte/kernels/mo_optical_props_kernels.F90:377:63:

   pure subroutine inc_1scalar_by_2stream_bybnd(ncol, nlay, ngpt, &
                                                               1
Warning: Variable ‘ngpt’ at (1) is a dummy argument of the BIND(C) procedure ‘inc_1scalar_by_2stream_bybnd’ but may not be C interoperable [-Wc-binding-type]
../rte/kernels/mo_optical_props_kernels.F90:380:51:

                                                nbnd, gpt_lims) bind(C, name="inc_1scalar_by_2stream_bybnd")
                                                   1
Warning: Variable ‘nbnd’ at (1) is a dummy argument of the BIND(C) procedure ‘inc_1scalar_by_2stream_bybnd’ but may not be C interoperable [-Wc-binding-type]
../rte/kernels/mo_optical_props_kernels.F90:380:61:

                                                nbnd, gpt_lims) bind(C, name="inc_1scalar_by_2stream_bybnd")
                                                             1
Warning: Variable ‘gpt_lims’ at (1) is a dummy argument of the BIND(C) procedure ‘inc_1scalar_by_2stream_bybnd’ but may not be C interoperable [-Wc-binding-type]
../rte/kernels/mo_optical_props_kernels.F90:396:51:

   pure subroutine inc_1scalar_by_nstream_bybnd(ncol, nlay, ngpt, &
                                                   1
Warning: Variable ‘ncol’ at (1) is a dummy argument of the BIND(C) procedure ‘inc_1scalar_by_nstream_bybnd’ but may not be C interoperable [-Wc-binding-type]
../rte/kernels/mo_optical_props_kernels.F90:396:57:

   pure subroutine inc_1scalar_by_nstream_bybnd(ncol, nlay, ngpt, &
                                                         1
Warning: Variable ‘nlay’ at (1) is a dummy argument of the BIND(C) procedure ‘inc_1scalar_by_nstream_bybnd’ but may not be C interoperable [-Wc-binding-type]
../rte/kernels/mo_optical_props_kernels.F90:396:63:

   pure subroutine inc_1scalar_by_nstream_bybnd(ncol, nlay, ngpt, &
                                                               1
Warning: Variable ‘ngpt’ at (1) is a dummy argument of the BIND(C) procedure ‘inc_1scalar_by_nstream_bybnd’ but may not be C interoperable [-Wc-binding-type]
../rte/kernels/mo_optical_props_kernels.F90:399:51:

                                                nbnd, gpt_lims) bind(C, name="inc_1scalar_by_nstream_bybnd")
                                                   1
Warning: Variable ‘nbnd’ at (1) is a dummy argument of the BIND(C) procedure ‘inc_1scalar_by_nstream_bybnd’ but may not be C interoperable [-Wc-binding-type]
../rte/kernels/mo_optical_props_kernels.F90:399:61:

                                                nbnd, gpt_lims) bind(C, name="inc_1scalar_by_nstream_bybnd")
                                                             1
Warning: Variable ‘gpt_lims’ at (1) is a dummy argument of the BIND(C) procedure ‘inc_1scalar_by_nstream_bybnd’ but may not be C interoperable [-Wc-binding-type]
../rte/kernels/mo_optical_props_kernels.F90:416:51:

   pure subroutine inc_2stream_by_1scalar_bybnd(ncol, nlay, ngpt, &
                                                   1
Warning: Variable ‘ncol’ at (1) is a dummy argument of the BIND(C) procedure ‘inc_2stream_by_1scalar_bybnd’ but may not be C interoperable [-Wc-binding-type]
../rte/kernels/mo_optical_props_kernels.F90:416:57:

   pure subroutine inc_2stream_by_1scalar_bybnd(ncol, nlay, ngpt, &
                                                         1
Warning: Variable ‘nlay’ at (1) is a dummy argument of the BIND(C) procedure ‘inc_2stream_by_1scalar_bybnd’ but may not be C interoperable [-Wc-binding-type]
../rte/kernels/mo_optical_props_kernels.F90:416:63:

   pure subroutine inc_2stream_by_1scalar_bybnd(ncol, nlay, ngpt, &
                                                               1
Warning: Variable ‘ngpt’ at (1) is a dummy argument of the BIND(C) procedure ‘inc_2stream_by_1scalar_bybnd’ but may not be C interoperable [-Wc-binding-type]
../rte/kernels/mo_optical_props_kernels.F90:419:51:

                                                nbnd, gpt_lims) bind(C, name="inc_2stream_by_1scalar_bybnd")
                                                   1
Warning: Variable ‘nbnd’ at (1) is a dummy argument of the BIND(C) procedure ‘inc_2stream_by_1scalar_bybnd’ but may not be C interoperable [-Wc-binding-type]
../rte/kernels/mo_optical_props_kernels.F90:419:61:

                                                nbnd, gpt_lims) bind(C, name="inc_2stream_by_1scalar_bybnd")
                                                             1
Warning: Variable ‘gpt_lims’ at (1) is a dummy argument of the BIND(C) procedure ‘inc_2stream_by_1scalar_bybnd’ but may not be C interoperable [-Wc-binding-type]
../rte/kernels/mo_optical_props_kernels.F90:443:51:

   pure subroutine inc_2stream_by_2stream_bybnd(ncol, nlay, ngpt, &
                                                   1
Warning: Variable ‘ncol’ at (1) is a dummy argument of the BIND(C) procedure ‘inc_2stream_by_2stream_bybnd’ but may not be C interoperable [-Wc-binding-type]
../rte/kernels/mo_optical_props_kernels.F90:443:57:

   pure subroutine inc_2stream_by_2stream_bybnd(ncol, nlay, ngpt, &
                                                         1
Warning: Variable ‘nlay’ at (1) is a dummy argument of the BIND(C) procedure ‘inc_2stream_by_2stream_bybnd’ but may not be C interoperable [-Wc-binding-type]
../rte/kernels/mo_optical_props_kernels.F90:443:63:

   pure subroutine inc_2stream_by_2stream_bybnd(ncol, nlay, ngpt, &
                                                               1
Warning: Variable ‘ngpt’ at (1) is a dummy argument of the BIND(C) procedure ‘inc_2stream_by_2stream_bybnd’ but may not be C interoperable [-Wc-binding-type]
../rte/kernels/mo_optical_props_kernels.F90:446:51:

                                                nbnd, gpt_lims) bind(C, name="inc_2stream_by_2stream_bybnd")
                                                   1
Warning: Variable ‘nbnd’ at (1) is a dummy argument of the BIND(C) procedure ‘inc_2stream_by_2stream_bybnd’ but may not be C interoperable [-Wc-binding-type]
../rte/kernels/mo_optical_props_kernels.F90:446:61:

                                                nbnd, gpt_lims) bind(C, name="inc_2stream_by_2stream_bybnd")
                                                             1
Warning: Variable ‘gpt_lims’ at (1) is a dummy argument of the BIND(C) procedure ‘inc_2stream_by_2stream_bybnd’ but may not be C interoperable [-Wc-binding-type]
../rte/kernels/mo_optical_props_kernels.F90:477:51:

   pure subroutine inc_2stream_by_nstream_bybnd(ncol, nlay, ngpt, nmom2, &
                                                   1
Warning: Variable ‘ncol’ at (1) is a dummy argument of the BIND(C) procedure ‘inc_2stream_by_nstream_bybnd’ but may not be C interoperable [-Wc-binding-type]
../rte/kernels/mo_optical_props_kernels.F90:477:57:

   pure subroutine inc_2stream_by_nstream_bybnd(ncol, nlay, ngpt, nmom2, &
                                                         1
Warning: Variable ‘nlay’ at (1) is a dummy argument of the BIND(C) procedure ‘inc_2stream_by_nstream_bybnd’ but may not be C interoperable [-Wc-binding-type]
../rte/kernels/mo_optical_props_kernels.F90:477:63:

   pure subroutine inc_2stream_by_nstream_bybnd(ncol, nlay, ngpt, nmom2, &
                                                               1
Warning: Variable ‘ngpt’ at (1) is a dummy argument of the BIND(C) procedure ‘inc_2stream_by_nstream_bybnd’ but may not be C interoperable [-Wc-binding-type]
../rte/kernels/mo_optical_props_kernels.F90:477:70:

   pure subroutine inc_2stream_by_nstream_bybnd(ncol, nlay, ngpt, nmom2, &
                                                                      1
Warning: Variable ‘nmom2’ at (1) is a dummy argument of the BIND(C) procedure ‘inc_2stream_by_nstream_bybnd’ but may not be C interoperable [-Wc-binding-type]
../rte/kernels/mo_optical_props_kernels.F90:480:51:

                                                nbnd, gpt_lims) bind(C, name="inc_2stream_by_nstream_bybnd")
                                                   1
Warning: Variable ‘nbnd’ at (1) is a dummy argument of the BIND(C) procedure ‘inc_2stream_by_nstream_bybnd’ but may not be C interoperable [-Wc-binding-type]
../rte/kernels/mo_optical_props_kernels.F90:480:61:

                                                nbnd, gpt_lims) bind(C, name="inc_2stream_by_nstream_bybnd")
                                                             1
Warning: Variable ‘gpt_lims’ at (1) is a dummy argument of the BIND(C) procedure ‘inc_2stream_by_nstream_bybnd’ but may not be C interoperable [-Wc-binding-type]
../rte/kernels/mo_optical_props_kernels.F90:514:51:

   pure subroutine inc_nstream_by_1scalar_bybnd(ncol, nlay, ngpt, &
                                                   1
Warning: Variable ‘ncol’ at (1) is a dummy argument of the BIND(C) procedure ‘inc_nstream_by_1scalar_bybnd’ but may not be C interoperable [-Wc-binding-type]
../rte/kernels/mo_optical_props_kernels.F90:514:57:

   pure subroutine inc_nstream_by_1scalar_bybnd(ncol, nlay, ngpt, &
                                                         1
Warning: Variable ‘nlay’ at (1) is a dummy argument of the BIND(C) procedure ‘inc_nstream_by_1scalar_bybnd’ but may not be C interoperable [-Wc-binding-type]
../rte/kernels/mo_optical_props_kernels.F90:514:63:

   pure subroutine inc_nstream_by_1scalar_bybnd(ncol, nlay, ngpt, &
                                                               1
Warning: Variable ‘ngpt’ at (1) is a dummy argument of the BIND(C) procedure ‘inc_nstream_by_1scalar_bybnd’ but may not be C interoperable [-Wc-binding-type]
../rte/kernels/mo_optical_props_kernels.F90:517:51:

                                                nbnd, gpt_lims) bind(C, name="inc_nstream_by_1scalar_bybnd")
                                                   1
Warning: Variable ‘nbnd’ at (1) is a dummy argument of the BIND(C) procedure ‘inc_nstream_by_1scalar_bybnd’ but may not be C interoperable [-Wc-binding-type]
../rte/kernels/mo_optical_props_kernels.F90:517:61:

                                                nbnd, gpt_lims) bind(C, name="inc_nstream_by_1scalar_bybnd")
                                                             1
Warning: Variable ‘gpt_lims’ at (1) is a dummy argument of the BIND(C) procedure ‘inc_nstream_by_1scalar_bybnd’ but may not be C interoperable [-Wc-binding-type]
../rte/kernels/mo_optical_props_kernels.F90:541:51:

   pure subroutine inc_nstream_by_2stream_bybnd(ncol, nlay, ngpt, nmom1, &
                                                   1
Warning: Variable ‘ncol’ at (1) is a dummy argument of the BIND(C) procedure ‘inc_nstream_by_2stream_bybnd’ but may not be C interoperable [-Wc-binding-type]
../rte/kernels/mo_optical_props_kernels.F90:541:57:

   pure subroutine inc_nstream_by_2stream_bybnd(ncol, nlay, ngpt, nmom1, &
                                                         1
Warning: Variable ‘nlay’ at (1) is a dummy argument of the BIND(C) procedure ‘inc_nstream_by_2stream_bybnd’ but may not be C interoperable [-Wc-binding-type]
../rte/kernels/mo_optical_props_kernels.F90:541:63:

   pure subroutine inc_nstream_by_2stream_bybnd(ncol, nlay, ngpt, nmom1, &
                                                               1
Warning: Variable ‘ngpt’ at (1) is a dummy argument of the BIND(C) procedure ‘inc_nstream_by_2stream_bybnd’ but may not be C interoperable [-Wc-binding-type]
../rte/kernels/mo_optical_props_kernels.F90:541:70:

   pure subroutine inc_nstream_by_2stream_bybnd(ncol, nlay, ngpt, nmom1, &
                                                                      1
Warning: Variable ‘nmom1’ at (1) is a dummy argument of the BIND(C) procedure ‘inc_nstream_by_2stream_bybnd’ but may not be C interoperable [-Wc-binding-type]
../rte/kernels/mo_optical_props_kernels.F90:544:51:

                                                nbnd, gpt_lims) bind(C, name="inc_nstream_by_2stream_bybnd")
                                                   1
Warning: Variable ‘nbnd’ at (1) is a dummy argument of the BIND(C) procedure ‘inc_nstream_by_2stream_bybnd’ but may not be C interoperable [-Wc-binding-type]
../rte/kernels/mo_optical_props_kernels.F90:544:61:

                                                nbnd, gpt_lims) bind(C, name="inc_nstream_by_2stream_bybnd")
                                                             1
Warning: Variable ‘gpt_lims’ at (1) is a dummy argument of the BIND(C) procedure ‘inc_nstream_by_2stream_bybnd’ but may not be C interoperable [-Wc-binding-type]
../rte/kernels/mo_optical_props_kernels.F90:584:51:

   pure subroutine inc_nstream_by_nstream_bybnd(ncol, nlay, ngpt, nmom1, nmom2, &
                                                   1
Warning: Variable ‘ncol’ at (1) is a dummy argument of the BIND(C) procedure ‘inc_nstream_by_nstream_bybnd’ but may not be C interoperable [-Wc-binding-type]
../rte/kernels/mo_optical_props_kernels.F90:584:57:

   pure subroutine inc_nstream_by_nstream_bybnd(ncol, nlay, ngpt, nmom1, nmom2, &
                                                         1
Warning: Variable ‘nlay’ at (1) is a dummy argument of the BIND(C) procedure ‘inc_nstream_by_nstream_bybnd’ but may not be C interoperable [-Wc-binding-type]
../rte/kernels/mo_optical_props_kernels.F90:584:63:

   pure subroutine inc_nstream_by_nstream_bybnd(ncol, nlay, ngpt, nmom1, nmom2, &
                                                               1
Warning: Variable ‘ngpt’ at (1) is a dummy argument of the BIND(C) procedure ‘inc_nstream_by_nstream_bybnd’ but may not be C interoperable [-Wc-binding-type]
../rte/kernels/mo_optical_props_kernels.F90:584:70:

   pure subroutine inc_nstream_by_nstream_bybnd(ncol, nlay, ngpt, nmom1, nmom2, &
                                                                      1
Warning: Variable ‘nmom1’ at (1) is a dummy argument of the BIND(C) procedure ‘inc_nstream_by_nstream_bybnd’ but may not be C interoperable [-Wc-binding-type]
../rte/kernels/mo_optical_props_kernels.F90:584:77:

   pure subroutine inc_nstream_by_nstream_bybnd(ncol, nlay, ngpt, nmom1, nmom2, &
                                                                             1
Warning: Variable ‘nmom2’ at (1) is a dummy argument of the BIND(C) procedure ‘inc_nstream_by_nstream_bybnd’ but may not be C interoperable [-Wc-binding-type]
../rte/kernels/mo_optical_props_kernels.F90:587:51:

                                                nbnd, gpt_lims) bind(C, name="inc_nstream_by_nstream_bybnd")
                                                   1
Warning: Variable ‘nbnd’ at (1) is a dummy argument of the BIND(C) procedure ‘inc_nstream_by_nstream_bybnd’ but may not be C interoperable [-Wc-binding-type]
../rte/kernels/mo_optical_props_kernels.F90:587:61:

                                                nbnd, gpt_lims) bind(C, name="inc_nstream_by_nstream_bybnd")
                                                             1
Warning: Variable ‘gpt_lims’ at (1) is a dummy argument of the BIND(C) procedure ‘inc_nstream_by_nstream_bybnd’ but may not be C interoperable [-Wc-binding-type]
../rte/kernels/mo_optical_props_kernels.F90:109:51:

   pure subroutine increment_1scalar_by_1scalar(ncol, nlay, ngpt, &
                                                   1
Warning: Variable ‘ncol’ at (1) is a dummy argument of the BIND(C) procedure ‘increment_1scalar_by_1scalar’ but may not be C interoperable [-Wc-binding-type]
../rte/kernels/mo_optical_props_kernels.F90:109:57:

   pure subroutine increment_1scalar_by_1scalar(ncol, nlay, ngpt, &
                                                         1
Warning: Variable ‘nlay’ at (1) is a dummy argument of the BIND(C) procedure ‘increment_1scalar_by_1scalar’ but may not be C interoperable [-Wc-binding-type]
../rte/kernels/mo_optical_props_kernels.F90:109:63:

   pure subroutine increment_1scalar_by_1scalar(ncol, nlay, ngpt, &
                                                               1
Warning: Variable ‘ngpt’ at (1) is a dummy argument of the BIND(C) procedure ‘increment_1scalar_by_1scalar’ but may not be C interoperable [-Wc-binding-type]
../rte/kernels/mo_optical_props_kernels.F90:128:51:

   pure subroutine increment_1scalar_by_2stream(ncol, nlay, ngpt, &
                                                   1
Warning: Variable ‘ncol’ at (1) is a dummy argument of the BIND(C) procedure ‘increment_1scalar_by_2stream’ but may not be C interoperable [-Wc-binding-type]
../rte/kernels/mo_optical_props_kernels.F90:128:57:

   pure subroutine increment_1scalar_by_2stream(ncol, nlay, ngpt, &
                                                         1
Warning: Variable ‘nlay’ at (1) is a dummy argument of the BIND(C) procedure ‘increment_1scalar_by_2stream’ but may not be C interoperable [-Wc-binding-type]
../rte/kernels/mo_optical_props_kernels.F90:128:63:

   pure subroutine increment_1scalar_by_2stream(ncol, nlay, ngpt, &
                                                               1
Warning: Variable ‘ngpt’ at (1) is a dummy argument of the BIND(C) procedure ‘increment_1scalar_by_2stream’ but may not be C interoperable [-Wc-binding-type]
../rte/kernels/mo_optical_props_kernels.F90:148:51:

   pure subroutine increment_1scalar_by_nstream(ncol, nlay, ngpt, &
                                                   1
Warning: Variable ‘ncol’ at (1) is a dummy argument of the BIND(C) procedure ‘increment_1scalar_by_nstream’ but may not be C interoperable [-Wc-binding-type]
../rte/kernels/mo_optical_props_kernels.F90:148:57:

   pure subroutine increment_1scalar_by_nstream(ncol, nlay, ngpt, &
                                                         1
Warning: Variable ‘nlay’ at (1) is a dummy argument of the BIND(C) procedure ‘increment_1scalar_by_nstream’ but may not be C interoperable [-Wc-binding-type]
../rte/kernels/mo_optical_props_kernels.F90:148:63:

   pure subroutine increment_1scalar_by_nstream(ncol, nlay, ngpt, &
                                                               1
Warning: Variable ‘ngpt’ at (1) is a dummy argument of the BIND(C) procedure ‘increment_1scalar_by_nstream’ but may not be C interoperable [-Wc-binding-type]
../rte/kernels/mo_optical_props_kernels.F90:169:51:

   pure subroutine increment_2stream_by_1scalar(ncol, nlay, ngpt, &
                                                   1
Warning: Variable ‘ncol’ at (1) is a dummy argument of the BIND(C) procedure ‘increment_2stream_by_1scalar’ but may not be C interoperable [-Wc-binding-type]
../rte/kernels/mo_optical_props_kernels.F90:169:57:

   pure subroutine increment_2stream_by_1scalar(ncol, nlay, ngpt, &
                                                         1
Warning: Variable ‘nlay’ at (1) is a dummy argument of the BIND(C) procedure ‘increment_2stream_by_1scalar’ but may not be C interoperable [-Wc-binding-type]
../rte/kernels/mo_optical_props_kernels.F90:169:63:

   pure subroutine increment_2stream_by_1scalar(ncol, nlay, ngpt, &
                                                               1
Warning: Variable ‘ngpt’ at (1) is a dummy argument of the BIND(C) procedure ‘increment_2stream_by_1scalar’ but may not be C interoperable [-Wc-binding-type]
../rte/kernels/mo_optical_props_kernels.F90:192:51:

   pure subroutine increment_2stream_by_2stream(ncol, nlay, ngpt, &
                                                   1
Warning: Variable ‘ncol’ at (1) is a dummy argument of the BIND(C) procedure ‘increment_2stream_by_2stream’ but may not be C interoperable [-Wc-binding-type]
../rte/kernels/mo_optical_props_kernels.F90:192:57:

   pure subroutine increment_2stream_by_2stream(ncol, nlay, ngpt, &
                                                         1
Warning: Variable ‘nlay’ at (1) is a dummy argument of the BIND(C) procedure ‘increment_2stream_by_2stream’ but may not be C interoperable [-Wc-binding-type]
../rte/kernels/mo_optical_props_kernels.F90:192:63:

   pure subroutine increment_2stream_by_2stream(ncol, nlay, ngpt, &
                                                               1
Warning: Variable ‘ngpt’ at (1) is a dummy argument of the BIND(C) procedure ‘increment_2stream_by_2stream’ but may not be C interoperable [-Wc-binding-type]
../rte/kernels/mo_optical_props_kernels.F90:222:51:

   pure subroutine increment_2stream_by_nstream(ncol, nlay, ngpt, nmom2, &
                                                   1
Warning: Variable ‘ncol’ at (1) is a dummy argument of the BIND(C) procedure ‘increment_2stream_by_nstream’ but may not be C interoperable [-Wc-binding-type]
../rte/kernels/mo_optical_props_kernels.F90:222:57:

   pure subroutine increment_2stream_by_nstream(ncol, nlay, ngpt, nmom2, &
                                                         1
Warning: Variable ‘nlay’ at (1) is a dummy argument of the BIND(C) procedure ‘increment_2stream_by_nstream’ but may not be C interoperable [-Wc-binding-type]
../rte/kernels/mo_optical_props_kernels.F90:222:63:

   pure subroutine increment_2stream_by_nstream(ncol, nlay, ngpt, nmom2, &
                                                               1
Warning: Variable ‘ngpt’ at (1) is a dummy argument of the BIND(C) procedure ‘increment_2stream_by_nstream’ but may not be C interoperable [-Wc-binding-type]
../rte/kernels/mo_optical_props_kernels.F90:222:70:

   pure subroutine increment_2stream_by_nstream(ncol, nlay, ngpt, nmom2, &
                                                                      1
Warning: Variable ‘nmom2’ at (1) is a dummy argument of the BIND(C) procedure ‘increment_2stream_by_nstream’ but may not be C interoperable [-Wc-binding-type]
../rte/kernels/mo_optical_props_kernels.F90:255:51:

   pure subroutine increment_nstream_by_1scalar(ncol, nlay, ngpt, &
                                                   1
Warning: Variable ‘ncol’ at (1) is a dummy argument of the BIND(C) procedure ‘increment_nstream_by_1scalar’ but may not be C interoperable [-Wc-binding-type]
../rte/kernels/mo_optical_props_kernels.F90:255:57:

   pure subroutine increment_nstream_by_1scalar(ncol, nlay, ngpt, &
                                                         1
Warning: Variable ‘nlay’ at (1) is a dummy argument of the BIND(C) procedure ‘increment_nstream_by_1scalar’ but may not be C interoperable [-Wc-binding-type]
../rte/kernels/mo_optical_props_kernels.F90:255:63:

   pure subroutine increment_nstream_by_1scalar(ncol, nlay, ngpt, &
                                                               1
Warning: Variable ‘ngpt’ at (1) is a dummy argument of the BIND(C) procedure ‘increment_nstream_by_1scalar’ but may not be C interoperable [-Wc-binding-type]
../rte/kernels/mo_optical_props_kernels.F90:278:51:

   pure subroutine increment_nstream_by_2stream(ncol, nlay, ngpt, nmom1, &
                                                   1
Warning: Variable ‘ncol’ at (1) is a dummy argument of the BIND(C) procedure ‘increment_nstream_by_2stream’ but may not be C interoperable [-Wc-binding-type]
../rte/kernels/mo_optical_props_kernels.F90:278:57:

   pure subroutine increment_nstream_by_2stream(ncol, nlay, ngpt, nmom1, &
                                                         1
Warning: Variable ‘nlay’ at (1) is a dummy argument of the BIND(C) procedure ‘increment_nstream_by_2stream’ but may not be C interoperable [-Wc-binding-type]
../rte/kernels/mo_optical_props_kernels.F90:278:63:

   pure subroutine increment_nstream_by_2stream(ncol, nlay, ngpt, nmom1, &
                                                               1
Warning: Variable ‘ngpt’ at (1) is a dummy argument of the BIND(C) procedure ‘increment_nstream_by_2stream’ but may not be C interoperable [-Wc-binding-type]
../rte/kernels/mo_optical_props_kernels.F90:278:70:

   pure subroutine increment_nstream_by_2stream(ncol, nlay, ngpt, nmom1, &
                                                                      1
Warning: Variable ‘nmom1’ at (1) is a dummy argument of the BIND(C) procedure ‘increment_nstream_by_2stream’ but may not be C interoperable [-Wc-binding-type]
../rte/kernels/mo_optical_props_kernels.F90:317:51:

   pure subroutine increment_nstream_by_nstream(ncol, nlay, ngpt, nmom1, nmom2, &
                                                   1
Warning: Variable ‘ncol’ at (1) is a dummy argument of the BIND(C) procedure ‘increment_nstream_by_nstream’ but may not be C interoperable [-Wc-binding-type]
../rte/kernels/mo_optical_props_kernels.F90:317:57:

   pure subroutine increment_nstream_by_nstream(ncol, nlay, ngpt, nmom1, nmom2, &
                                                         1
Warning: Variable ‘nlay’ at (1) is a dummy argument of the BIND(C) procedure ‘increment_nstream_by_nstream’ but may not be C interoperable [-Wc-binding-type]
../rte/kernels/mo_optical_props_kernels.F90:317:63:

   pure subroutine increment_nstream_by_nstream(ncol, nlay, ngpt, nmom1, nmom2, &
                                                               1
Warning: Variable ‘ngpt’ at (1) is a dummy argument of the BIND(C) procedure ‘increment_nstream_by_nstream’ but may not be C interoperable [-Wc-binding-type]
../rte/kernels/mo_optical_props_kernels.F90:317:70:

   pure subroutine increment_nstream_by_nstream(ncol, nlay, ngpt, nmom1, nmom2, &
                                                                      1
Warning: Variable ‘nmom1’ at (1) is a dummy argument of the BIND(C) procedure ‘increment_nstream_by_nstream’ but may not be C interoperable [-Wc-binding-type]
../rte/kernels/mo_optical_props_kernels.F90:317:77:

   pure subroutine increment_nstream_by_nstream(ncol, nlay, ngpt, nmom1, nmom2, &
                                                                             1
Warning: Variable ‘nmom2’ at (1) is a dummy argument of the BIND(C) procedure ‘increment_nstream_by_nstream’ but may not be C interoperable [-Wc-binding-type]
gfortran -ffree-line-length-none -m64 -std=f2003 -march=native -mno-avx -pedantic -g -fbounds-check -Wall -fbacktrace -finit-real=nan  -c ../rte/mo_optical_props.F90
../rte/mo_optical_props.F90:805:37:

     integer :: ncol, nlay, ngpt, nmom
                                     1
Warning: Unused variable ‘nmom’ declared at (1) [-Wunused-variable]
../rte/mo_optical_props.F90:534:37:

   function delta_scale_nstr(this, for) result(err_message)
                                     1
Warning: Unused dummy argument ‘for’ at (1) [-Wunused-dummy-argument]
../rte/mo_optical_props.F90:534:32:

   function delta_scale_nstr(this, for) result(err_message)
                                1
Warning: Unused dummy argument ‘this’ at (1) [-Wunused-dummy-argument]
../rte/mo_optical_props.F90:493:37:

   function delta_scale_1scl(this, for) result(err_message)
                                     1
Warning: Unused dummy argument ‘for’ at (1) [-Wunused-dummy-argument]
../rte/mo_optical_props.F90:493:32:

   function delta_scale_1scl(this, for) result(err_message)
                                1
Warning: Unused dummy argument ‘this’ at (1) [-Wunused-dummy-argument]
gfortran -ffree-line-length-none -m64 -std=f2003 -march=native -mno-avx -pedantic -g -fbounds-check -Wall -fbacktrace -finit-real=nan  -c ../rte/mo_source_functions.F90
gfortran -ffree-line-length-none -m64 -std=f2003 -march=native -mno-avx -pedantic -g -fbounds-check -Wall -fbacktrace -finit-real=nan  -c ../rte/kernels/mo_fluxes_broadband_kernels.F90
../rte/kernels/mo_fluxes_broadband_kernels.F90:55:41:

   pure subroutine net_broadband_full(ncol, nlev, ngpt, spectral_flux_dn, spectral_flux_up, broadband_flux_net) &
                                         1
Warning: Variable ‘ncol’ at (1) is a dummy argument of the BIND(C) procedure ‘net_broadband_full’ but may not be C interoperable [-Wc-binding-type]
../rte/kernels/mo_fluxes_broadband_kernels.F90:55:47:

   pure subroutine net_broadband_full(ncol, nlev, ngpt, spectral_flux_dn, spectral_flux_up, broadband_flux_net) &
                                               1
Warning: Variable ‘nlev’ at (1) is a dummy argument of the BIND(C) procedure ‘net_broadband_full’ but may not be C interoperable [-Wc-binding-type]
../rte/kernels/mo_fluxes_broadband_kernels.F90:55:53:

   pure subroutine net_broadband_full(ncol, nlev, ngpt, spectral_flux_dn, spectral_flux_up, broadband_flux_net) &
                                                     1
Warning: Variable ‘ngpt’ at (1) is a dummy argument of the BIND(C) procedure ‘net_broadband_full’ but may not be C interoperable [-Wc-binding-type]
../rte/kernels/mo_fluxes_broadband_kernels.F90:81:44:

   pure subroutine net_broadband_precalc(ncol, nlay, flux_dn, flux_up, broadband_flux_net) &
                                            1
Warning: Variable ‘ncol’ at (1) is a dummy argument of the BIND(C) procedure ‘net_broadband_precalc’ but may not be C interoperable [-Wc-binding-type]
../rte/kernels/mo_fluxes_broadband_kernels.F90:81:50:

   pure subroutine net_broadband_precalc(ncol, nlay, flux_dn, flux_up, broadband_flux_net) &
                                                  1
Warning: Variable ‘nlay’ at (1) is a dummy argument of the BIND(C) procedure ‘net_broadband_precalc’ but may not be C interoperable [-Wc-binding-type]
../rte/kernels/mo_fluxes_broadband_kernels.F90:31:36:

   pure subroutine sum_broadband(ncol, nlev, ngpt, spectral_flux, broadband_flux) bind(C, name="sum_broadband")
                                    1
Warning: Variable ‘ncol’ at (1) is a dummy argument of the BIND(C) procedure ‘sum_broadband’ but may not be C interoperable [-Wc-binding-type]
../rte/kernels/mo_fluxes_broadband_kernels.F90:31:42:

   pure subroutine sum_broadband(ncol, nlev, ngpt, spectral_flux, broadband_flux) bind(C, name="sum_broadband")
                                          1
Warning: Variable ‘nlev’ at (1) is a dummy argument of the BIND(C) procedure ‘sum_broadband’ but may not be C interoperable [-Wc-binding-type]
../rte/kernels/mo_fluxes_broadband_kernels.F90:31:48:

   pure subroutine sum_broadband(ncol, nlev, ngpt, spectral_flux, broadband_flux) bind(C, name="sum_broadband")
                                                1
Warning: Variable ‘ngpt’ at (1) is a dummy argument of the BIND(C) procedure ‘sum_broadband’ but may not be C interoperable [-Wc-binding-type]
gfortran -ffree-line-length-none -m64 -std=f2003 -march=native -mno-avx -pedantic -g -fbounds-check -Wall -fbacktrace -finit-real=nan  -c ../rte/mo_fluxes.F90
../rte/mo_fluxes.F90:94:73:

   function reduce_broadband(this, gpt_flux_up, gpt_flux_dn, spectral_disc, top_at_1, gpt_flux_dn_dir) result(error_msg)
                                                                         1
Warning: Unused dummy argument ‘spectral_disc’ at (1) [-Wunused-dummy-argument]
../rte/mo_fluxes.F90:94:83:

   function reduce_broadband(this, gpt_flux_up, gpt_flux_dn, spectral_disc, top_at_1, gpt_flux_dn_dir) result(error_msg)
                                                                                   1
Warning: Unused dummy argument ‘top_at_1’ at (1) [-Wunused-dummy-argument]
gfortran -ffree-line-length-none -m64 -std=f2003 -march=native -mno-avx -pedantic -g -fbounds-check -Wall -fbacktrace -finit-real=nan  -c ../rte/kernels/mo_rte_solver_kernels.F90
../rte/kernels/mo_rte_solver_kernels.F90:793:22:

 subroutine adding(ncol, nlay, top_at_1, &
                      1
Warning: Variable ‘ncol’ at (1) is a dummy argument of the BIND(C) procedure ‘adding’ but may not be C interoperable [-Wc-binding-type]
../rte/kernels/mo_rte_solver_kernels.F90:793:28:

 subroutine adding(ncol, nlay, top_at_1, &
                            1
Warning: Variable ‘nlay’ at (1) is a dummy argument of the BIND(C) procedure ‘adding’ but may not be C interoperable [-Wc-binding-type]
../rte/kernels/mo_rte_solver_kernels.F90:938:31:

 pure subroutine apply_BC_0(ncol, nlay, ngpt, top_at_1, flux_dn) bind (C, name="apply_BC_0")
                               1
Warning: Variable ‘ncol’ at (1) is a dummy argument of the BIND(C) procedure ‘apply_bc_0’ but may not be C interoperable [-Wc-binding-type]
../rte/kernels/mo_rte_solver_kernels.F90:938:37:

 pure subroutine apply_BC_0(ncol, nlay, ngpt, top_at_1, flux_dn) bind (C, name="apply_BC_0")
                                     1
Warning: Variable ‘nlay’ at (1) is a dummy argument of the BIND(C) procedure ‘apply_bc_0’ but may not be C interoperable [-Wc-binding-type]
../rte/kernels/mo_rte_solver_kernels.F90:938:43:

 pure subroutine apply_BC_0(ncol, nlay, ngpt, top_at_1, flux_dn) bind (C, name="apply_BC_0")
                                           1
Warning: Variable ‘ngpt’ at (1) is a dummy argument of the BIND(C) procedure ‘apply_bc_0’ but may not be C interoperable [-Wc-binding-type]
../rte/kernels/mo_rte_solver_kernels.F90:923:36:

 pure subroutine apply_BC_factor(ncol, nlay, ngpt, top_at_1, inc_flux, factor, flux_dn) bind (C, name="apply_BC_factor")
                                    1
Warning: Variable ‘ncol’ at (1) is a dummy argument of the BIND(C) procedure ‘apply_bc_factor’ but may not be C interoperable [-Wc-binding-type]
../rte/kernels/mo_rte_solver_kernels.F90:923:42:

 pure subroutine apply_BC_factor(ncol, nlay, ngpt, top_at_1, inc_flux, factor, flux_dn) bind (C, name="apply_BC_factor")
                                          1
Warning: Variable ‘nlay’ at (1) is a dummy argument of the BIND(C) procedure ‘apply_bc_factor’ but may not be C interoperable [-Wc-binding-type]
../rte/kernels/mo_rte_solver_kernels.F90:923:48:

 pure subroutine apply_BC_factor(ncol, nlay, ngpt, top_at_1, inc_flux, factor, flux_dn) bind (C, name="apply_BC_factor")
                                                1
Warning: Variable ‘ngpt’ at (1) is a dummy argument of the BIND(C) procedure ‘apply_bc_factor’ but may not be C interoperable [-Wc-binding-type]
../rte/kernels/mo_rte_solver_kernels.F90:909:33:

 pure subroutine apply_BC_gpt(ncol, nlay, ngpt, top_at_1, inc_flux, flux_dn) bind (C, name="apply_BC_gpt")
                                 1
Warning: Variable ‘ncol’ at (1) is a dummy argument of the BIND(C) procedure ‘apply_bc_gpt’ but may not be C interoperable [-Wc-binding-type]
../rte/kernels/mo_rte_solver_kernels.F90:909:39:

 pure subroutine apply_BC_gpt(ncol, nlay, ngpt, top_at_1, inc_flux, flux_dn) bind (C, name="apply_BC_gpt")
                                       1
Warning: Variable ‘nlay’ at (1) is a dummy argument of the BIND(C) procedure ‘apply_bc_gpt’ but may not be C interoperable [-Wc-binding-type]
../rte/kernels/mo_rte_solver_kernels.F90:909:45:

 pure subroutine apply_BC_gpt(ncol, nlay, ngpt, top_at_1, inc_flux, flux_dn) bind (C, name="apply_BC_gpt")
                                             1
Warning: Variable ‘ngpt’ at (1) is a dummy argument of the BIND(C) procedure ‘apply_bc_gpt’ but may not be C interoperable [-Wc-binding-type]
../rte/kernels/mo_rte_solver_kernels.F90:551:36:

   subroutine lw_combine_sources(ncol, nlay, top_at_1, &
                                    1
Warning: Variable ‘ncol’ at (1) is a dummy argument of the BIND(C) procedure ‘lw_combine_sources’ but may not be C interoperable [-Wc-binding-type]
../rte/kernels/mo_rte_solver_kernels.F90:551:42:

   subroutine lw_combine_sources(ncol, nlay, top_at_1, &
                                          1
Warning: Variable ‘nlay’ at (1) is a dummy argument of the BIND(C) procedure ‘lw_combine_sources’ but may not be C interoperable [-Wc-binding-type]
../rte/kernels/mo_rte_solver_kernels.F90:208:37:

    subroutine lw_solver_2stream (ncol, nlay, ngpt, top_at_1, &
                                     1
Warning: Variable ‘ncol’ at (1) is a dummy argument of the BIND(C) procedure ‘lw_solver_2stream’ but may not be C interoperable [-Wc-binding-type]
../rte/kernels/mo_rte_solver_kernels.F90:208:43:

    subroutine lw_solver_2stream (ncol, nlay, ngpt, top_at_1, &
                                           1
Warning: Variable ‘nlay’ at (1) is a dummy argument of the BIND(C) procedure ‘lw_solver_2stream’ but may not be C interoperable [-Wc-binding-type]
../rte/kernels/mo_rte_solver_kernels.F90:208:49:

    subroutine lw_solver_2stream (ncol, nlay, ngpt, top_at_1, &
                                                 1
Warning: Variable ‘ngpt’ at (1) is a dummy argument of the BIND(C) procedure ‘lw_solver_2stream’ but may not be C interoperable [-Wc-binding-type]
../rte/kernels/mo_rte_solver_kernels.F90:61:34:

   subroutine lw_solver_noscat(ncol, nlay, ngpt, top_at_1, D, weight,                             &
                                  1
Warning: Variable ‘ncol’ at (1) is a dummy argument of the BIND(C) procedure ‘lw_solver_noscat’ but may not be C interoperable [-Wc-binding-type]
../rte/kernels/mo_rte_solver_kernels.F90:61:40:

   subroutine lw_solver_noscat(ncol, nlay, ngpt, top_at_1, D, weight,                             &
                                        1
Warning: Variable ‘nlay’ at (1) is a dummy argument of the BIND(C) procedure ‘lw_solver_noscat’ but may not be C interoperable [-Wc-binding-type]
../rte/kernels/mo_rte_solver_kernels.F90:61:46:

   subroutine lw_solver_noscat(ncol, nlay, ngpt, top_at_1, D, weight,                             &
                                              1
Warning: Variable ‘ngpt’ at (1) is a dummy argument of the BIND(C) procedure ‘lw_solver_noscat’ but may not be C interoperable [-Wc-binding-type]
../rte/kernels/mo_rte_solver_kernels.F90:151:44:

   subroutine lw_solver_noscat_GaussQuad(ncol, nlay, ngpt, top_at_1, nmus, Ds, weights, &
                                            1
Warning: Variable ‘ncol’ at (1) is a dummy argument of the BIND(C) procedure ‘lw_solver_noscat_gaussquad’ but may not be C interoperable [-Wc-binding-type]
../rte/kernels/mo_rte_solver_kernels.F90:151:50:

   subroutine lw_solver_noscat_GaussQuad(ncol, nlay, ngpt, top_at_1, nmus, Ds, weights, &
                                                  1
Warning: Variable ‘nlay’ at (1) is a dummy argument of the BIND(C) procedure ‘lw_solver_noscat_gaussquad’ but may not be C interoperable [-Wc-binding-type]
../rte/kernels/mo_rte_solver_kernels.F90:151:56:

   subroutine lw_solver_noscat_GaussQuad(ncol, nlay, ngpt, top_at_1, nmus, Ds, weights, &
                                                        1
Warning: Variable ‘ngpt’ at (1) is a dummy argument of the BIND(C) procedure ‘lw_solver_noscat_gaussquad’ but may not be C interoperable [-Wc-binding-type]
../rte/kernels/mo_rte_solver_kernels.F90:151:72:

   subroutine lw_solver_noscat_GaussQuad(ncol, nlay, ngpt, top_at_1, nmus, Ds, weights, &
                                                                        1
Warning: Variable ‘nmus’ at (1) is a dummy argument of the BIND(C) procedure ‘lw_solver_noscat_gaussquad’ but may not be C interoperable [-Wc-binding-type]
../rte/kernels/mo_rte_solver_kernels.F90:583:32:

   subroutine lw_source_2str(ncol, nlay, top_at_1,   &
                                1
Warning: Variable ‘ncol’ at (1) is a dummy argument of the BIND(C) procedure ‘lw_source_2str’ but may not be C interoperable [-Wc-binding-type]
../rte/kernels/mo_rte_solver_kernels.F90:583:38:

   subroutine lw_source_2str(ncol, nlay, top_at_1,   &
                                      1
Warning: Variable ‘nlay’ at (1) is a dummy argument of the BIND(C) procedure ‘lw_source_2str’ but may not be C interoperable [-Wc-binding-type]
../rte/kernels/mo_rte_solver_kernels.F90:385:34:

   subroutine lw_source_noscat(ncol, nlay, lay_source, lev_source_up, lev_source_dn, tau, trans, &
                                  1
Warning: Variable ‘ncol’ at (1) is a dummy argument of the BIND(C) procedure ‘lw_source_noscat’ but may not be C interoperable [-Wc-binding-type]
../rte/kernels/mo_rte_solver_kernels.F90:385:40:

   subroutine lw_source_noscat(ncol, nlay, lay_source, lev_source_up, lev_source_dn, tau, trans, &
                                        1
Warning: Variable ‘nlay’ at (1) is a dummy argument of the BIND(C) procedure ‘lw_source_noscat’ but may not be C interoperable [-Wc-binding-type]
../rte/kernels/mo_rte_solver_kernels.F90:426:37:

   subroutine lw_transport_noscat(ncol, nlay, top_at_1, &
                                     1
Warning: Variable ‘ncol’ at (1) is a dummy argument of the BIND(C) procedure ‘lw_transport_noscat’ but may not be C interoperable [-Wc-binding-type]
../rte/kernels/mo_rte_solver_kernels.F90:426:43:

   subroutine lw_transport_noscat(ncol, nlay, top_at_1, &
                                           1
Warning: Variable ‘nlay’ at (1) is a dummy argument of the BIND(C) procedure ‘lw_transport_noscat’ but may not be C interoperable [-Wc-binding-type]
../rte/kernels/mo_rte_solver_kernels.F90:485:36:

   pure subroutine lw_two_stream(ncol, nlay, tau, w0, g, &
                                    1
Warning: Variable ‘ncol’ at (1) is a dummy argument of the BIND(C) procedure ‘lw_two_stream’ but may not be C interoperable [-Wc-binding-type]
../rte/kernels/mo_rte_solver_kernels.F90:485:42:

   pure subroutine lw_two_stream(ncol, nlay, tau, w0, g, &
                                          1
Warning: Variable ‘nlay’ at (1) is a dummy argument of the BIND(C) procedure ‘lw_two_stream’ but may not be C interoperable [-Wc-binding-type]
../rte/kernels/mo_rte_solver_kernels.F90:328:37:

    subroutine sw_solver_2stream (ncol, nlay, ngpt, top_at_1, &
                                     1
Warning: Variable ‘ncol’ at (1) is a dummy argument of the BIND(C) procedure ‘sw_solver_2stream’ but may not be C interoperable [-Wc-binding-type]
../rte/kernels/mo_rte_solver_kernels.F90:328:43:

    subroutine sw_solver_2stream (ncol, nlay, ngpt, top_at_1, &
                                           1
Warning: Variable ‘nlay’ at (1) is a dummy argument of the BIND(C) procedure ‘sw_solver_2stream’ but may not be C interoperable [-Wc-binding-type]
../rte/kernels/mo_rte_solver_kernels.F90:328:49:

    subroutine sw_solver_2stream (ncol, nlay, ngpt, top_at_1, &
                                                 1
Warning: Variable ‘ngpt’ at (1) is a dummy argument of the BIND(C) procedure ‘sw_solver_2stream’ but may not be C interoperable [-Wc-binding-type]
../rte/kernels/mo_rte_solver_kernels.F90:282:39:

   pure subroutine sw_solver_noscat(ncol, nlay, ngpt, &
                                       1
Warning: Variable ‘ncol’ at (1) is a dummy argument of the BIND(C) procedure ‘sw_solver_noscat’ but may not be C interoperable [-Wc-binding-type]
../rte/kernels/mo_rte_solver_kernels.F90:282:45:

   pure subroutine sw_solver_noscat(ncol, nlay, ngpt, &
                                             1
Warning: Variable ‘nlay’ at (1) is a dummy argument of the BIND(C) procedure ‘sw_solver_noscat’ but may not be C interoperable [-Wc-binding-type]
../rte/kernels/mo_rte_solver_kernels.F90:282:51:

   pure subroutine sw_solver_noscat(ncol, nlay, ngpt, &
                                                   1
Warning: Variable ‘ngpt’ at (1) is a dummy argument of the BIND(C) procedure ‘sw_solver_noscat’ but may not be C interoperable [-Wc-binding-type]
../rte/kernels/mo_rte_solver_kernels.F90:755:32:

   subroutine sw_source_2str(ncol, nlay, top_at_1, Rdir, Tdir, Tnoscat, sfc_albedo, &
                                1
Warning: Variable ‘ncol’ at (1) is a dummy argument of the BIND(C) procedure ‘sw_source_2str’ but may not be C interoperable [-Wc-binding-type]
../rte/kernels/mo_rte_solver_kernels.F90:755:38:

   subroutine sw_source_2str(ncol, nlay, top_at_1, Rdir, Tdir, Tnoscat, sfc_albedo, &
                                      1
Warning: Variable ‘nlay’ at (1) is a dummy argument of the BIND(C) procedure ‘sw_source_2str’ but may not be C interoperable [-Wc-binding-type]
../rte/kernels/mo_rte_solver_kernels.F90:647:36:

   pure subroutine sw_two_stream(ncol, nlay, mu0, tau, w0, g, &
                                    1
Warning: Variable ‘ncol’ at (1) is a dummy argument of the BIND(C) procedure ‘sw_two_stream’ but may not be C interoperable [-Wc-binding-type]
../rte/kernels/mo_rte_solver_kernels.F90:647:42:

   pure subroutine sw_two_stream(ncol, nlay, mu0, tau, w0, g, &
                                          1
Warning: Variable ‘nlay’ at (1) is a dummy argument of the BIND(C) procedure ‘sw_two_stream’ but may not be C interoperable [-Wc-binding-type]
../rte/kernels/mo_rte_solver_kernels.F90:585:38:

                             lay_source, lev_source, &
                                      1
Warning: Unused dummy argument ‘lay_source’ at (1) [-Wunused-dummy-argument]
../rte/kernels/mo_rte_solver_kernels.F90:551:52:

   subroutine lw_combine_sources(ncol, nlay, top_at_1, &
                                                    1
Warning: Unused dummy argument ‘top_at_1’ at (1) [-Wunused-dummy-argument]
../rte/kernels/mo_rte_solver_kernels.F90:427:36:

                                  tau, trans, sfc_albedo, source_dn, source_up, source_sfc, &
                                    1
Warning: Unused dummy argument ‘tau’ at (1) [-Wunused-dummy-argument]
../rte/kernels/mo_rte_solver_kernels.F90:290:19:

     integer :: icol, ilev, igpt
                   1
Warning: Unused variable ‘icol’ declared at (1) [-Wunused-variable]
gfortran -ffree-line-length-none -m64 -std=f2003 -march=native -mno-avx -pedantic -g -fbounds-check -Wall -fbacktrace -finit-real=nan  -c ../rte/mo_rte_lw.F90
../rte/mo_rte_lw.F90:79:26:

     integer :: icol, iband, igpt
                          1
Warning: Unused variable ‘iband’ declared at (1) [-Wunused-variable]
../rte/mo_rte_lw.F90:79:19:

     integer :: icol, iband, igpt
                   1
Warning: Unused variable ‘icol’ declared at (1) [-Wunused-variable]
../rte/mo_rte_lw.F90:79:32:

     integer :: icol, iband, igpt
                                1
Warning: Unused variable ‘igpt’ declared at (1) [-Wunused-variable]
gfortran -ffree-line-length-none -m64 -std=f2003 -march=native -mno-avx -pedantic -g -fbounds-check -Wall -fbacktrace -finit-real=nan  -c ../rte/mo_rte_sw.F90
../rte/mo_rte_sw.F90:64:19:

     integer :: icol
                   1
Warning: Unused variable ‘icol’ declared at (1) [-Wunused-variable]
ar -rvs librte.a mo_rte_kind.o mo_optical_props_kernels.o mo_optical_props.o mo_source_functions.o mo_fluxes_broadband_kernels.o mo_fluxes.o mo_rte_solver_kernels.o mo_rte_lw.o mo_rte_sw.o
ar: creating librte.a
a - mo_rte_kind.o
a - mo_optical_props_kernels.o
a - mo_optical_props.o
a - mo_source_functions.o
a - mo_fluxes_broadband_kernels.o
a - mo_fluxes.o
a - mo_rte_solver_kernels.o
a - mo_rte_lw.o
a - mo_rte_sw.o
gfortran -ffree-line-length-none -m64 -std=f2003 -march=native -mno-avx -pedantic -g -fbounds-check -Wall -fbacktrace -finit-real=nan  -c ../rrtmgp/mo_util_string.F90
gfortran -ffree-line-length-none -m64 -std=f2003 -march=native -mno-avx -pedantic -g -fbounds-check -Wall -fbacktrace -finit-real=nan  -c ../rrtmgp/mo_rrtmgp_constants.F90
gfortran -ffree-line-length-none -m64 -std=f2003 -march=native -mno-avx -pedantic -g -fbounds-check -Wall -fbacktrace -finit-real=nan  -c ../rrtmgp/kernels/mo_reorder_kernels.F90
../rrtmgp/kernels/mo_reorder_kernels.F90:21:38:

   subroutine reorder_123x312_kernel(d1, d2, d3, array_in, array_out) &
                                      1
Warning: Variable ‘d1’ at (1) is a dummy argument of the BIND(C) procedure ‘reorder_123x312_kernel’ but may not be C interoperable [-Wc-binding-type]
../rrtmgp/kernels/mo_reorder_kernels.F90:21:42:

   subroutine reorder_123x312_kernel(d1, d2, d3, array_in, array_out) &
                                          1
Warning: Variable ‘d2’ at (1) is a dummy argument of the BIND(C) procedure ‘reorder_123x312_kernel’ but may not be C interoperable [-Wc-binding-type]
../rrtmgp/kernels/mo_reorder_kernels.F90:21:46:

   subroutine reorder_123x312_kernel(d1, d2, d3, array_in, array_out) &
                                              1
Warning: Variable ‘d3’ at (1) is a dummy argument of the BIND(C) procedure ‘reorder_123x312_kernel’ but may not be C interoperable [-Wc-binding-type]
../rrtmgp/kernels/mo_reorder_kernels.F90:38:38:

   subroutine reorder_123x321_kernel(d1, d2, d3, array_in, array_out) & 
                                      1
Warning: Variable ‘d1’ at (1) is a dummy argument of the BIND(C) procedure ‘reorder_123x321_kernel’ but may not be C interoperable [-Wc-binding-type]
../rrtmgp/kernels/mo_reorder_kernels.F90:38:42:

   subroutine reorder_123x321_kernel(d1, d2, d3, array_in, array_out) & 
                                          1
Warning: Variable ‘d2’ at (1) is a dummy argument of the BIND(C) procedure ‘reorder_123x321_kernel’ but may not be C interoperable [-Wc-binding-type]
../rrtmgp/kernels/mo_reorder_kernels.F90:38:46:

   subroutine reorder_123x321_kernel(d1, d2, d3, array_in, array_out) & 
                                              1
Warning: Variable ‘d3’ at (1) is a dummy argument of the BIND(C) procedure ‘reorder_123x321_kernel’ but may not be C interoperable [-Wc-binding-type]
gfortran -ffree-line-length-none -m64 -std=f2003 -march=native -mno-avx -pedantic -g -fbounds-check -Wall -fbacktrace -finit-real=nan  -c ../rrtmgp/mo_util_reorder.F90
gfortran -ffree-line-length-none -m64 -std=f2003 -march=native -mno-avx -pedantic -g -fbounds-check -Wall -fbacktrace -finit-real=nan  -c ../rrtmgp/mo_gas_concentrations.F90
gfortran -ffree-line-length-none -m64 -std=f2003 -march=native -mno-avx -pedantic -g -fbounds-check -Wall -fbacktrace -finit-real=nan  -c ../rrtmgp/kernels/mo_gas_optics_kernels.F90
../rrtmgp/kernels/mo_gas_optics_kernels.F90:978:47:

   pure subroutine combine_and_reorder_2str(ncol, nlay, ngpt, tau_abs, tau_rayleigh, tau, ssa, g) &
                                               1
Warning: Variable ‘ncol’ at (1) is a dummy argument of the BIND(C) procedure ‘combine_and_reorder_2str’ but may not be C interoperable [-Wc-binding-type]
../rrtmgp/kernels/mo_gas_optics_kernels.F90:978:53:

   pure subroutine combine_and_reorder_2str(ncol, nlay, ngpt, tau_abs, tau_rayleigh, tau, ssa, g) &
                                                     1
Warning: Variable ‘nlay’ at (1) is a dummy argument of the BIND(C) procedure ‘combine_and_reorder_2str’ but may not be C interoperable [-Wc-binding-type]
../rrtmgp/kernels/mo_gas_optics_kernels.F90:978:59:

   pure subroutine combine_and_reorder_2str(ncol, nlay, ngpt, tau_abs, tau_rayleigh, tau, ssa, g) &
                                                           1
Warning: Variable ‘ngpt’ at (1) is a dummy argument of the BIND(C) procedure ‘combine_and_reorder_2str’ but may not be C interoperable [-Wc-binding-type]
../rrtmgp/kernels/mo_gas_optics_kernels.F90:1007:47:

   pure subroutine combine_and_reorder_nstr(ncol, nlay, ngpt, nmom, tau_abs, tau_rayleigh, tau, ssa, p) &
                                               1
Warning: Variable ‘ncol’ at (1) is a dummy argument of the BIND(C) procedure ‘combine_and_reorder_nstr’ but may not be C interoperable [-Wc-binding-type]
../rrtmgp/kernels/mo_gas_optics_kernels.F90:1007:53:

   pure subroutine combine_and_reorder_nstr(ncol, nlay, ngpt, nmom, tau_abs, tau_rayleigh, tau, ssa, p) &
                                                     1
Warning: Variable ‘nlay’ at (1) is a dummy argument of the BIND(C) procedure ‘combine_and_reorder_nstr’ but may not be C interoperable [-Wc-binding-type]
../rrtmgp/kernels/mo_gas_optics_kernels.F90:1007:59:

   pure subroutine combine_and_reorder_nstr(ncol, nlay, ngpt, nmom, tau_abs, tau_rayleigh, tau, ssa, p) &
                                                           1
Warning: Variable ‘ngpt’ at (1) is a dummy argument of the BIND(C) procedure ‘combine_and_reorder_nstr’ but may not be C interoperable [-Wc-binding-type]
../rrtmgp/kernels/mo_gas_optics_kernels.F90:1007:65:

   pure subroutine combine_and_reorder_nstr(ncol, nlay, ngpt, nmom, tau_abs, tau_rayleigh, tau, ssa, p) &
                                                                 1
Warning: Variable ‘nmom’ at (1) is a dummy argument of the BIND(C) procedure ‘combine_and_reorder_nstr’ but may not be C interoperable [-Wc-binding-type]
../rrtmgp/kernels/mo_gas_optics_kernels.F90:770:24:

                     ncol, nlay, ngpt, ngas,      & 
                        1
Warning: Variable ‘ncol’ at (1) is a dummy argument of the BIND(C) procedure ‘compute_nnlw_kernel’ but may not be C interoperable [-Wc-binding-type]
../rrtmgp/kernels/mo_gas_optics_kernels.F90:770:30:

                     ncol, nlay, ngpt, ngas,      & 
                              1
Warning: Variable ‘nlay’ at (1) is a dummy argument of the BIND(C) procedure ‘compute_nnlw_kernel’ but may not be C interoperable [-Wc-binding-type]
../rrtmgp/kernels/mo_gas_optics_kernels.F90:770:36:

                     ncol, nlay, ngpt, ngas,      & 
                                    1
Warning: Variable ‘ngpt’ at (1) is a dummy argument of the BIND(C) procedure ‘compute_nnlw_kernel’ but may not be C interoperable [-Wc-binding-type]
../rrtmgp/kernels/mo_gas_optics_kernels.F90:770:42:

                     ncol, nlay, ngpt, ngas,      & 
                                          1
Warning: Variable ‘ngas’ at (1) is a dummy argument of the BIND(C) procedure ‘compute_nnlw_kernel’ but may not be C interoperable [-Wc-binding-type]
../rrtmgp/kernels/mo_gas_optics_kernels.F90:483:24:

                     ncol, nlay, nbnd, ngpt,                &
                        1
Warning: Variable ‘ncol’ at (1) is a dummy argument of the BIND(C) procedure ‘compute_planck_source’ but may not be C interoperable [-Wc-binding-type]
../rrtmgp/kernels/mo_gas_optics_kernels.F90:483:30:

                     ncol, nlay, nbnd, ngpt,                &
                              1
Warning: Variable ‘nlay’ at (1) is a dummy argument of the BIND(C) procedure ‘compute_planck_source’ but may not be C interoperable [-Wc-binding-type]
../rrtmgp/kernels/mo_gas_optics_kernels.F90:483:36:

                     ncol, nlay, nbnd, ngpt,                &
                                    1
Warning: Variable ‘nbnd’ at (1) is a dummy argument of the BIND(C) procedure ‘compute_planck_source’ but may not be C interoperable [-Wc-binding-type]
../rrtmgp/kernels/mo_gas_optics_kernels.F90:483:42:

                     ncol, nlay, nbnd, ngpt,                &
                                          1
Warning: Variable ‘ngpt’ at (1) is a dummy argument of the BIND(C) procedure ‘compute_planck_source’ but may not be C interoperable [-Wc-binding-type]
../rrtmgp/kernels/mo_gas_optics_kernels.F90:484:25:

                     nflav, neta, npres, ntemp, nPlanckTemp,&
                         1
Warning: Variable ‘nflav’ at (1) is a dummy argument of the BIND(C) procedure ‘compute_planck_source’ but may not be C interoperable [-Wc-binding-type]
../rrtmgp/kernels/mo_gas_optics_kernels.F90:484:31:

                     nflav, neta, npres, ntemp, nPlanckTemp,&
                               1
Warning: Variable ‘neta’ at (1) is a dummy argument of the BIND(C) procedure ‘compute_planck_source’ but may not be C interoperable [-Wc-binding-type]
../rrtmgp/kernels/mo_gas_optics_kernels.F90:484:38:

                     nflav, neta, npres, ntemp, nPlanckTemp,&
                                      1
Warning: Variable ‘npres’ at (1) is a dummy argument of the BIND(C) procedure ‘compute_planck_source’ but may not be C interoperable [-Wc-binding-type]
../rrtmgp/kernels/mo_gas_optics_kernels.F90:484:45:

                     nflav, neta, npres, ntemp, nPlanckTemp,&
                                             1
Warning: Variable ‘ntemp’ at (1) is a dummy argument of the BIND(C) procedure ‘compute_planck_source’ but may not be C interoperable [-Wc-binding-type]
../rrtmgp/kernels/mo_gas_optics_kernels.F90:484:58:

                     nflav, neta, npres, ntemp, nPlanckTemp,&
                                                          1
Warning: Variable ‘nplancktemp’ at (1) is a dummy argument of the BIND(C) procedure ‘compute_planck_source’ but may not be C interoperable [-Wc-binding-type]
../rrtmgp/kernels/mo_gas_optics_kernels.F90:485:45:

                     tlay, tlev, tsfc, sfc_lay,             &
                                             1
Warning: Variable ‘sfc_lay’ at (1) is a dummy argument of the BIND(C) procedure ‘compute_planck_source’ but may not be C interoperable [-Wc-binding-type]
../rrtmgp/kernels/mo_gas_optics_kernels.F90:486:32:

                     fmajor, jeta, tropo, jtemp, jpress,    &
                                1
Warning: Variable ‘jeta’ at (1) is a dummy argument of the BIND(C) procedure ‘compute_planck_source’ but may not be C interoperable [-Wc-binding-type]
../rrtmgp/kernels/mo_gas_optics_kernels.F90:486:46:

                     fmajor, jeta, tropo, jtemp, jpress,    &
                                              1
Warning: Variable ‘jtemp’ at (1) is a dummy argument of the BIND(C) procedure ‘compute_planck_source’ but may not be C interoperable [-Wc-binding-type]
../rrtmgp/kernels/mo_gas_optics_kernels.F90:486:54:

                     fmajor, jeta, tropo, jtemp, jpress,    &
                                                      1
Warning: Variable ‘jpress’ at (1) is a dummy argument of the BIND(C) procedure ‘compute_planck_source’ but may not be C interoperable [-Wc-binding-type]
../rrtmgp/kernels/mo_gas_optics_kernels.F90:487:32:

                     gpoint_bands, band_lims_gpt,           &
                                1
Warning: Variable ‘gpoint_bands’ at (1) is a dummy argument of the BIND(C) procedure ‘compute_planck_source’ but may not be C interoperable [-Wc-binding-type]
../rrtmgp/kernels/mo_gas_optics_kernels.F90:487:47:

                     gpoint_bands, band_lims_gpt,           &
                                               1
Warning: Variable ‘band_lims_gpt’ at (1) is a dummy argument of the BIND(C) procedure ‘compute_planck_source’ but may not be C interoperable [-Wc-binding-type]
../rrtmgp/kernels/mo_gas_optics_kernels.F90:488:80:

                     pfracin, temp_ref_min, totplnk_delta, totplnk, gpoint_flavor, &
                                                                                1
Warning: Variable ‘gpoint_flavor’ at (1) is a dummy argument of the BIND(C) procedure ‘compute_planck_source’ but may not be C interoperable [-Wc-binding-type]
../rrtmgp/kernels/mo_gas_optics_kernels.F90:597:24:

                     ncol, nlay, nbnd, ngpt,               &
                        1
Warning: Variable ‘ncol’ at (1) is a dummy argument of the BIND(C) procedure ‘compute_planck_source_nn’ but may not be C interoperable [-Wc-binding-type]
../rrtmgp/kernels/mo_gas_optics_kernels.F90:597:30:

                     ncol, nlay, nbnd, ngpt,               &
                              1
Warning: Variable ‘nlay’ at (1) is a dummy argument of the BIND(C) procedure ‘compute_planck_source_nn’ but may not be C interoperable [-Wc-binding-type]
../rrtmgp/kernels/mo_gas_optics_kernels.F90:597:36:

                     ncol, nlay, nbnd, ngpt,               &
                                    1
Warning: Variable ‘nbnd’ at (1) is a dummy argument of the BIND(C) procedure ‘compute_planck_source_nn’ but may not be C interoperable [-Wc-binding-type]
../rrtmgp/kernels/mo_gas_optics_kernels.F90:597:42:

                     ncol, nlay, nbnd, ngpt,               &
                                          1
Warning: Variable ‘ngpt’ at (1) is a dummy argument of the BIND(C) procedure ‘compute_planck_source_nn’ but may not be C interoperable [-Wc-binding-type]
../rrtmgp/kernels/mo_gas_optics_kernels.F90:598:25:

                     ntemp, nPlanckTemp,                   &
                         1
Warning: Variable ‘ntemp’ at (1) is a dummy argument of the BIND(C) procedure ‘compute_planck_source_nn’ but may not be C interoperable [-Wc-binding-type]
../rrtmgp/kernels/mo_gas_optics_kernels.F90:598:38:

                     ntemp, nPlanckTemp,                   &
                                      1
Warning: Variable ‘nplancktemp’ at (1) is a dummy argument of the BIND(C) procedure ‘compute_planck_source_nn’ but may not be C interoperable [-Wc-binding-type]
../rrtmgp/kernels/mo_gas_optics_kernels.F90:599:45:

                     tlay, tlev, tsfc, sfc_lay,            &
                                             1
Warning: Variable ‘sfc_lay’ at (1) is a dummy argument of the BIND(C) procedure ‘compute_planck_source_nn’ but may not be C interoperable [-Wc-binding-type]
../rrtmgp/kernels/mo_gas_optics_kernels.F90:600:33:

                     band_lims_gpt,                        &
                                 1
Warning: Variable ‘band_lims_gpt’ at (1) is a dummy argument of the BIND(C) procedure ‘compute_planck_source_nn’ but may not be C interoperable [-Wc-binding-type]
../rrtmgp/kernels/mo_gas_optics_kernels.F90:684:24:

                     ncol, nlay, nbnd, ngpt,               &
                        1
Warning: Variable ‘ncol’ at (1) is a dummy argument of the BIND(C) procedure ‘compute_planck_source_nn2’ but may not be C interoperable [-Wc-binding-type]
../rrtmgp/kernels/mo_gas_optics_kernels.F90:684:30:

                     ncol, nlay, nbnd, ngpt,               &
                              1
Warning: Variable ‘nlay’ at (1) is a dummy argument of the BIND(C) procedure ‘compute_planck_source_nn2’ but may not be C interoperable [-Wc-binding-type]
../rrtmgp/kernels/mo_gas_optics_kernels.F90:684:36:

                     ncol, nlay, nbnd, ngpt,               &
                                    1
Warning: Variable ‘nbnd’ at (1) is a dummy argument of the BIND(C) procedure ‘compute_planck_source_nn2’ but may not be C interoperable [-Wc-binding-type]
../rrtmgp/kernels/mo_gas_optics_kernels.F90:684:42:

                     ncol, nlay, nbnd, ngpt,               &
                                          1
Warning: Variable ‘ngpt’ at (1) is a dummy argument of the BIND(C) procedure ‘compute_planck_source_nn2’ but may not be C interoperable [-Wc-binding-type]
../rrtmgp/kernels/mo_gas_optics_kernels.F90:685:25:

                     ntemp, nPlanckTemp,                   &
                         1
Warning: Variable ‘ntemp’ at (1) is a dummy argument of the BIND(C) procedure ‘compute_planck_source_nn2’ but may not be C interoperable [-Wc-binding-type]
../rrtmgp/kernels/mo_gas_optics_kernels.F90:685:38:

                     ntemp, nPlanckTemp,                   &
                                      1
Warning: Variable ‘nplancktemp’ at (1) is a dummy argument of the BIND(C) procedure ‘compute_planck_source_nn2’ but may not be C interoperable [-Wc-binding-type]
../rrtmgp/kernels/mo_gas_optics_kernels.F90:686:45:

                     tlay, tlev, tsfc, sfc_lay,            &
                                             1
Warning: Variable ‘sfc_lay’ at (1) is a dummy argument of the BIND(C) procedure ‘compute_planck_source_nn2’ but may not be C interoperable [-Wc-binding-type]
../rrtmgp/kernels/mo_gas_optics_kernels.F90:687:33:

                     band_lims_gpt,                        &
                                 1
Warning: Variable ‘band_lims_gpt’ at (1) is a dummy argument of the BIND(C) procedure ‘compute_planck_source_nn2’ but may not be C interoperable [-Wc-binding-type]
../rrtmgp/kernels/mo_gas_optics_kernels.F90:131:20:

                 ncol,nlay,nbnd,ngpt,                &  ! dimensions
                    1
Warning: Variable ‘ncol’ at (1) is a dummy argument of the BIND(C) procedure ‘compute_tau_absorption’ but may not be C interoperable [-Wc-binding-type]
../rrtmgp/kernels/mo_gas_optics_kernels.F90:131:25:

                 ncol,nlay,nbnd,ngpt,                &  ! dimensions
                         1
Warning: Variable ‘nlay’ at (1) is a dummy argument of the BIND(C) procedure ‘compute_tau_absorption’ but may not be C interoperable [-Wc-binding-type]
../rrtmgp/kernels/mo_gas_optics_kernels.F90:131:30:

                 ncol,nlay,nbnd,ngpt,                &  ! dimensions
                              1
Warning: Variable ‘nbnd’ at (1) is a dummy argument of the BIND(C) procedure ‘compute_tau_absorption’ but may not be C interoperable [-Wc-binding-type]
../rrtmgp/kernels/mo_gas_optics_kernels.F90:131:35:

                 ncol,nlay,nbnd,ngpt,                &  ! dimensions
                                   1
Warning: Variable ‘ngpt’ at (1) is a dummy argument of the BIND(C) procedure ‘compute_tau_absorption’ but may not be C interoperable [-Wc-binding-type]
../rrtmgp/kernels/mo_gas_optics_kernels.F90:132:20:

                 ngas,nflav,neta,npres,ntemp,        &
                    1
Warning: Variable ‘ngas’ at (1) is a dummy argument of the BIND(C) procedure ‘compute_tau_absorption’ but may not be C interoperable [-Wc-binding-type]
../rrtmgp/kernels/mo_gas_optics_kernels.F90:132:26:

                 ngas,nflav,neta,npres,ntemp,        &
                          1
Warning: Variable ‘nflav’ at (1) is a dummy argument of the BIND(C) procedure ‘compute_tau_absorption’ but may not be C interoperable [-Wc-binding-type]
../rrtmgp/kernels/mo_gas_optics_kernels.F90:132:31:

                 ngas,nflav,neta,npres,ntemp,        &
                               1
Warning: Variable ‘neta’ at (1) is a dummy argument of the BIND(C) procedure ‘compute_tau_absorption’ but may not be C interoperable [-Wc-binding-type]
../rrtmgp/kernels/mo_gas_optics_kernels.F90:132:37:

                 ngas,nflav,neta,npres,ntemp,        &
                                     1
Warning: Variable ‘npres’ at (1) is a dummy argument of the BIND(C) procedure ‘compute_tau_absorption’ but may not be C interoperable [-Wc-binding-type]
../rrtmgp/kernels/mo_gas_optics_kernels.F90:132:43:

                 ngas,nflav,neta,npres,ntemp,        &
                                           1
Warning: Variable ‘ntemp’ at (1) is a dummy argument of the BIND(C) procedure ‘compute_tau_absorption’ but may not be C interoperable [-Wc-binding-type]
../rrtmgp/kernels/mo_gas_optics_kernels.F90:133:27:

                 nminorlower, nminorklower,          & ! number of minor contributors, total num absorption coeffs
                           1
Warning: Variable ‘nminorlower’ at (1) is a dummy argument of the BIND(C) procedure ‘compute_tau_absorption’ but may not be C interoperable [-Wc-binding-type]
../rrtmgp/kernels/mo_gas_optics_kernels.F90:133:41:

                 nminorlower, nminorklower,          & ! number of minor contributors, total num absorption coeffs
                                         1
Warning: Variable ‘nminorklower’ at (1) is a dummy argument of the BIND(C) procedure ‘compute_tau_absorption’ but may not be C interoperable [-Wc-binding-type]
../rrtmgp/kernels/mo_gas_optics_kernels.F90:134:27:

                 nminorupper, nminorkupper,          &
                           1
Warning: Variable ‘nminorupper’ at (1) is a dummy argument of the BIND(C) procedure ‘compute_tau_absorption’ but may not be C interoperable [-Wc-binding-type]
../rrtmgp/kernels/mo_gas_optics_kernels.F90:134:41:

                 nminorupper, nminorkupper,          &
                                         1
Warning: Variable ‘nminorkupper’ at (1) is a dummy argument of the BIND(C) procedure ‘compute_tau_absorption’ but may not be C interoperable [-Wc-binding-type]
../rrtmgp/kernels/mo_gas_optics_kernels.F90:135:23:

                 idx_h2o,                            &
                       1
Warning: Variable ‘idx_h2o’ at (1) is a dummy argument of the BIND(C) procedure ‘compute_tau_absorption’ but may not be C interoperable [-Wc-binding-type]
../rrtmgp/kernels/mo_gas_optics_kernels.F90:136:29:

                 gpoint_flavor,                      &
                             1
Warning: Variable ‘gpoint_flavor’ at (1) is a dummy argument of the BIND(C) procedure ‘compute_tau_absorption’ but may not be C interoperable [-Wc-binding-type]
../rrtmgp/kernels/mo_gas_optics_kernels.F90:137:29:

                 band_lims_gpt,                      &
                             1
Warning: Variable ‘band_lims_gpt’ at (1) is a dummy argument of the BIND(C) procedure ‘compute_tau_absorption’ but may not be C interoperable [-Wc-binding-type]
../rrtmgp/kernels/mo_gas_optics_kernels.F90:141:38:

                 minor_limits_gpt_lower,             &
                                      1
Warning: Variable ‘minor_limits_gpt_lower’ at (1) is a dummy argument of the BIND(C) procedure ‘compute_tau_absorption’ but may not be C interoperable [-Wc-binding-type]
../rrtmgp/kernels/mo_gas_optics_kernels.F90:142:38:

                 minor_limits_gpt_upper,             &
                                      1
Warning: Variable ‘minor_limits_gpt_upper’ at (1) is a dummy argument of the BIND(C) procedure ‘compute_tau_absorption’ but may not be C interoperable [-Wc-binding-type]
../rrtmgp/kernels/mo_gas_optics_kernels.F90:147:31:

                 idx_minor_lower,                    &
                               1
Warning: Variable ‘idx_minor_lower’ at (1) is a dummy argument of the BIND(C) procedure ‘compute_tau_absorption’ but may not be C interoperable [-Wc-binding-type]
../rrtmgp/kernels/mo_gas_optics_kernels.F90:148:31:

                 idx_minor_upper,                    &
                               1
Warning: Variable ‘idx_minor_upper’ at (1) is a dummy argument of the BIND(C) procedure ‘compute_tau_absorption’ but may not be C interoperable [-Wc-binding-type]
../rrtmgp/kernels/mo_gas_optics_kernels.F90:149:39:

                 idx_minor_scaling_lower,            &
                                       1
Warning: Variable ‘idx_minor_scaling_lower’ at (1) is a dummy argument of the BIND(C) procedure ‘compute_tau_absorption’ but may not be C interoperable [-Wc-binding-type]
../rrtmgp/kernels/mo_gas_optics_kernels.F90:150:39:

                 idx_minor_scaling_upper,            &
                                       1
Warning: Variable ‘idx_minor_scaling_upper’ at (1) is a dummy argument of the BIND(C) procedure ‘compute_tau_absorption’ but may not be C interoperable [-Wc-binding-type]
../rrtmgp/kernels/mo_gas_optics_kernels.F90:151:34:

                 kminor_start_lower,                 &
                                  1
Warning: Variable ‘kminor_start_lower’ at (1) is a dummy argument of the BIND(C) procedure ‘compute_tau_absorption’ but may not be C interoperable [-Wc-binding-type]
../rrtmgp/kernels/mo_gas_optics_kernels.F90:152:34:

                 kminor_start_upper,                 &
                                  1
Warning: Variable ‘kminor_start_upper’ at (1) is a dummy argument of the BIND(C) procedure ‘compute_tau_absorption’ but may not be C interoperable [-Wc-binding-type]
../rrtmgp/kernels/mo_gas_optics_kernels.F90:156:20:

                 jeta,jtemp,jpress,                  &
                    1
Warning: Variable ‘jeta’ at (1) is a dummy argument of the BIND(C) procedure ‘compute_tau_absorption’ but may not be C interoperable [-Wc-binding-type]
../rrtmgp/kernels/mo_gas_optics_kernels.F90:156:26:

                 jeta,jtemp,jpress,                  &
                          1
Warning: Variable ‘jtemp’ at (1) is a dummy argument of the BIND(C) procedure ‘compute_tau_absorption’ but may not be C interoperable [-Wc-binding-type]
../rrtmgp/kernels/mo_gas_optics_kernels.F90:156:33:

                 jeta,jtemp,jpress,                  &
                                 1
Warning: Variable ‘jpress’ at (1) is a dummy argument of the BIND(C) procedure ‘compute_tau_absorption’ but may not be C interoperable [-Wc-binding-type]
../rrtmgp/kernels/mo_gas_optics_kernels.F90:437:38:

   subroutine compute_tau_rayleigh(ncol,nlay,nbnd,ngpt,         &
                                      1
Warning: Variable ‘ncol’ at (1) is a dummy argument of the BIND(C) procedure ‘compute_tau_rayleigh’ but may not be C interoperable [-Wc-binding-type]
../rrtmgp/kernels/mo_gas_optics_kernels.F90:437:43:

   subroutine compute_tau_rayleigh(ncol,nlay,nbnd,ngpt,         &
                                           1
Warning: Variable ‘nlay’ at (1) is a dummy argument of the BIND(C) procedure ‘compute_tau_rayleigh’ but may not be C interoperable [-Wc-binding-type]
../rrtmgp/kernels/mo_gas_optics_kernels.F90:437:48:

   subroutine compute_tau_rayleigh(ncol,nlay,nbnd,ngpt,         &
                                                1
Warning: Variable ‘nbnd’ at (1) is a dummy argument of the BIND(C) procedure ‘compute_tau_rayleigh’ but may not be C interoperable [-Wc-binding-type]
../rrtmgp/kernels/mo_gas_optics_kernels.F90:437:53:

   subroutine compute_tau_rayleigh(ncol,nlay,nbnd,ngpt,         &
                                                     1
Warning: Variable ‘ngpt’ at (1) is a dummy argument of the BIND(C) procedure ‘compute_tau_rayleigh’ but may not be C interoperable [-Wc-binding-type]
../rrtmgp/kernels/mo_gas_optics_kernels.F90:438:38:

                                   ngas,nflav,neta,npres,ntemp, &
                                      1
Warning: Variable ‘ngas’ at (1) is a dummy argument of the BIND(C) procedure ‘compute_tau_rayleigh’ but may not be C interoperable [-Wc-binding-type]
../rrtmgp/kernels/mo_gas_optics_kernels.F90:438:44:

                                   ngas,nflav,neta,npres,ntemp, &
                                            1
Warning: Variable ‘nflav’ at (1) is a dummy argument of the BIND(C) procedure ‘compute_tau_rayleigh’ but may not be C interoperable [-Wc-binding-type]
../rrtmgp/kernels/mo_gas_optics_kernels.F90:438:49:

                                   ngas,nflav,neta,npres,ntemp, &
                                                 1
Warning: Variable ‘neta’ at (1) is a dummy argument of the BIND(C) procedure ‘compute_tau_rayleigh’ but may not be C interoperable [-Wc-binding-type]
../rrtmgp/kernels/mo_gas_optics_kernels.F90:438:55:

                                   ngas,nflav,neta,npres,ntemp, &
                                                       1
Warning: Variable ‘npres’ at (1) is a dummy argument of the BIND(C) procedure ‘compute_tau_rayleigh’ but may not be C interoperable [-Wc-binding-type]
../rrtmgp/kernels/mo_gas_optics_kernels.F90:438:61:

                                   ngas,nflav,neta,npres,ntemp, &
                                                             1
Warning: Variable ‘ntemp’ at (1) is a dummy argument of the BIND(C) procedure ‘compute_tau_rayleigh’ but may not be C interoperable [-Wc-binding-type]
../rrtmgp/kernels/mo_gas_optics_kernels.F90:439:47:

                                   gpoint_flavor,band_lims_gpt, &
                                               1
Warning: Variable ‘gpoint_flavor’ at (1) is a dummy argument of the BIND(C) procedure ‘compute_tau_rayleigh’ but may not be C interoperable [-Wc-binding-type]
../rrtmgp/kernels/mo_gas_optics_kernels.F90:439:61:

                                   gpoint_flavor,band_lims_gpt, &
                                                             1
Warning: Variable ‘band_lims_gpt’ at (1) is a dummy argument of the BIND(C) procedure ‘compute_tau_rayleigh’ but may not be C interoperable [-Wc-binding-type]
../rrtmgp/kernels/mo_gas_optics_kernels.F90:441:41:

                                   idx_h2o, col_dry,col_gas,    &
                                         1
Warning: Variable ‘idx_h2o’ at (1) is a dummy argument of the BIND(C) procedure ‘compute_tau_rayleigh’ but may not be C interoperable [-Wc-binding-type]
../rrtmgp/kernels/mo_gas_optics_kernels.F90:442:45:

                                   fminor,jeta,tropo,jtemp,     &
                                             1
Warning: Variable ‘jeta’ at (1) is a dummy argument of the BIND(C) procedure ‘compute_tau_rayleigh’ but may not be C interoperable [-Wc-binding-type]
../rrtmgp/kernels/mo_gas_optics_kernels.F90:442:57:

                                   fminor,jeta,tropo,jtemp,     &
                                                         1
Warning: Variable ‘jtemp’ at (1) is a dummy argument of the BIND(C) procedure ‘compute_tau_rayleigh’ but may not be C interoperable [-Wc-binding-type]
../rrtmgp/kernels/mo_gas_optics_kernels.F90:278:42:

   subroutine gas_optical_depths_major(ncol,nlay,nbnd,ngpt,&
                                          1
Warning: Variable ‘ncol’ at (1) is a dummy argument of the BIND(C) procedure ‘gas_optical_depths_major’ but may not be C interoperable [-Wc-binding-type]
../rrtmgp/kernels/mo_gas_optics_kernels.F90:278:47:

   subroutine gas_optical_depths_major(ncol,nlay,nbnd,ngpt,&
                                               1
Warning: Variable ‘nlay’ at (1) is a dummy argument of the BIND(C) procedure ‘gas_optical_depths_major’ but may not be C interoperable [-Wc-binding-type]
../rrtmgp/kernels/mo_gas_optics_kernels.F90:278:52:

   subroutine gas_optical_depths_major(ncol,nlay,nbnd,ngpt,&
                                                    1
Warning: Variable ‘nbnd’ at (1) is a dummy argument of the BIND(C) procedure ‘gas_optical_depths_major’ but may not be C interoperable [-Wc-binding-type]
../rrtmgp/kernels/mo_gas_optics_kernels.F90:278:57:

   subroutine gas_optical_depths_major(ncol,nlay,nbnd,ngpt,&
                                                         1
Warning: Variable ‘ngpt’ at (1) is a dummy argument of the BIND(C) procedure ‘gas_optical_depths_major’ but may not be C interoperable [-Wc-binding-type]
../rrtmgp/kernels/mo_gas_optics_kernels.F90:279:43:

                                       nflav,neta,npres,ntemp,      & ! dimensions
                                           1
Warning: Variable ‘nflav’ at (1) is a dummy argument of the BIND(C) procedure ‘gas_optical_depths_major’ but may not be C interoperable [-Wc-binding-type]
../rrtmgp/kernels/mo_gas_optics_kernels.F90:279:48:

                                       nflav,neta,npres,ntemp,      & ! dimensions
                                                1
Warning: Variable ‘neta’ at (1) is a dummy argument of the BIND(C) procedure ‘gas_optical_depths_major’ but may not be C interoperable [-Wc-binding-type]
../rrtmgp/kernels/mo_gas_optics_kernels.F90:279:54:

                                       nflav,neta,npres,ntemp,      & ! dimensions
                                                      1
Warning: Variable ‘npres’ at (1) is a dummy argument of the BIND(C) procedure ‘gas_optical_depths_major’ but may not be C interoperable [-Wc-binding-type]
../rrtmgp/kernels/mo_gas_optics_kernels.F90:279:60:

                                       nflav,neta,npres,ntemp,      & ! dimensions
                                                            1
Warning: Variable ‘ntemp’ at (1) is a dummy argument of the BIND(C) procedure ‘gas_optical_depths_major’ but may not be C interoperable [-Wc-binding-type]
../rrtmgp/kernels/mo_gas_optics_kernels.F90:280:51:

                                       gpoint_flavor, band_lims_gpt,   & ! inputs from object
                                                   1
Warning: Variable ‘gpoint_flavor’ at (1) is a dummy argument of the BIND(C) procedure ‘gas_optical_depths_major’ but may not be C interoperable [-Wc-binding-type]
../rrtmgp/kernels/mo_gas_optics_kernels.F90:280:66:

                                       gpoint_flavor, band_lims_gpt,   & ! inputs from object
                                                                  1
Warning: Variable ‘band_lims_gpt’ at (1) is a dummy argument of the BIND(C) procedure ‘gas_optical_depths_major’ but may not be C interoperable [-Wc-binding-type]
../rrtmgp/kernels/mo_gas_optics_kernels.F90:283:42:

                                       jeta,tropo,jtemp,jpress,        & ! local input
                                          1
Warning: Variable ‘jeta’ at (1) is a dummy argument of the BIND(C) procedure ‘gas_optical_depths_major’ but may not be C interoperable [-Wc-binding-type]
../rrtmgp/kernels/mo_gas_optics_kernels.F90:283:54:

                                       jeta,tropo,jtemp,jpress,        & ! local input
                                                      1
Warning: Variable ‘jtemp’ at (1) is a dummy argument of the BIND(C) procedure ‘gas_optical_depths_major’ but may not be C interoperable [-Wc-binding-type]
../rrtmgp/kernels/mo_gas_optics_kernels.F90:283:61:

                                       jeta,tropo,jtemp,jpress,        & ! local input
                                                             1
Warning: Variable ‘jpress’ at (1) is a dummy argument of the BIND(C) procedure ‘gas_optical_depths_major’ but may not be C interoperable [-Wc-binding-type]
../rrtmgp/kernels/mo_gas_optics_kernels.F90:336:42:

   subroutine gas_optical_depths_minor(ncol,nlay,ngpt,        &
                                          1
Warning: Variable ‘ncol’ at (1) is a dummy argument of the BIND(C) procedure ‘gas_optical_depths_minor’ but may not be C interoperable [-Wc-binding-type]
../rrtmgp/kernels/mo_gas_optics_kernels.F90:336:47:

   subroutine gas_optical_depths_minor(ncol,nlay,ngpt,        &
                                               1
Warning: Variable ‘nlay’ at (1) is a dummy argument of the BIND(C) procedure ‘gas_optical_depths_minor’ but may not be C interoperable [-Wc-binding-type]
../rrtmgp/kernels/mo_gas_optics_kernels.F90:336:52:

   subroutine gas_optical_depths_minor(ncol,nlay,ngpt,        &
                                                    1
Warning: Variable ‘ngpt’ at (1) is a dummy argument of the BIND(C) procedure ‘gas_optical_depths_minor’ but may not be C interoperable [-Wc-binding-type]
../rrtmgp/kernels/mo_gas_optics_kernels.F90:337:42:

                                       ngas,nflav,npres,neta, &
                                          1
Warning: Variable ‘ngas’ at (1) is a dummy argument of the BIND(C) procedure ‘gas_optical_depths_minor’ but may not be C interoperable [-Wc-binding-type]
../rrtmgp/kernels/mo_gas_optics_kernels.F90:337:48:

                                       ngas,nflav,npres,neta, &
                                                1
Warning: Variable ‘nflav’ at (1) is a dummy argument of the BIND(C) procedure ‘gas_optical_depths_minor’ but may not be C interoperable [-Wc-binding-type]
../rrtmgp/kernels/mo_gas_optics_kernels.F90:337:54:

                                       ngas,nflav,npres,neta, &
                                                      1
Warning: Variable ‘npres’ at (1) is a dummy argument of the BIND(C) procedure ‘gas_optical_depths_minor’ but may not be C interoperable [-Wc-binding-type]
../rrtmgp/kernels/mo_gas_optics_kernels.F90:337:59:

                                       ngas,nflav,npres,neta, &
                                                           1
Warning: Variable ‘neta’ at (1) is a dummy argument of the BIND(C) procedure ‘gas_optical_depths_minor’ but may not be C interoperable [-Wc-binding-type]
../rrtmgp/kernels/mo_gas_optics_kernels.F90:338:44:

                                       nminor,nminork,        &
                                            1
Warning: Variable ‘nminor’ at (1) is a dummy argument of the BIND(C) procedure ‘gas_optical_depths_minor’ but may not be C interoperable [-Wc-binding-type]
../rrtmgp/kernels/mo_gas_optics_kernels.F90:338:52:

                                       nminor,nminork,        &
                                                    1
Warning: Variable ‘nminork’ at (1) is a dummy argument of the BIND(C) procedure ‘gas_optical_depths_minor’ but may not be C interoperable [-Wc-binding-type]
../rrtmgp/kernels/mo_gas_optics_kernels.F90:339:45:

                                       idx_h2o,               &
                                             1
Warning: Variable ‘idx_h2o’ at (1) is a dummy argument of the BIND(C) procedure ‘gas_optical_depths_minor’ but may not be C interoperable [-Wc-binding-type]
../rrtmgp/kernels/mo_gas_optics_kernels.F90:340:45:

                                       gpt_flv,               &
                                             1
Warning: Variable ‘gpt_flv’ at (1) is a dummy argument of the BIND(C) procedure ‘gas_optical_depths_minor’ but may not be C interoperable [-Wc-binding-type]
../rrtmgp/kernels/mo_gas_optics_kernels.F90:342:54:

                                       minor_limits_gpt,      &
                                                      1
Warning: Variable ‘minor_limits_gpt’ at (1) is a dummy argument of the BIND(C) procedure ‘gas_optical_depths_minor’ but may not be C interoperable [-Wc-binding-type]
../rrtmgp/kernels/mo_gas_optics_kernels.F90:345:47:

                                       idx_minor, idx_minor_scaling, &
                                               1
Warning: Variable ‘idx_minor’ at (1) is a dummy argument of the BIND(C) procedure ‘gas_optical_depths_minor’ but may not be C interoperable [-Wc-binding-type]
../rrtmgp/kernels/mo_gas_optics_kernels.F90:345:66:

                                       idx_minor, idx_minor_scaling, &
                                                                  1
Warning: Variable ‘idx_minor_scaling’ at (1) is a dummy argument of the BIND(C) procedure ‘gas_optical_depths_minor’ but may not be C interoperable [-Wc-binding-type]
../rrtmgp/kernels/mo_gas_optics_kernels.F90:346:50:

                                       kminor_start,          &
                                                  1
Warning: Variable ‘kminor_start’ at (1) is a dummy argument of the BIND(C) procedure ‘gas_optical_depths_minor’ but may not be C interoperable [-Wc-binding-type]
../rrtmgp/kernels/mo_gas_optics_kernels.F90:348:57:

                                       col_gas,fminor,jeta,   &
                                                         1
Warning: Variable ‘jeta’ at (1) is a dummy argument of the BIND(C) procedure ‘gas_optical_depths_minor’ but may not be C interoperable [-Wc-binding-type]
../rrtmgp/kernels/mo_gas_optics_kernels.F90:349:50:

                                       layer_limits,jtemp,    &
                                                  1
Warning: Variable ‘layer_limits’ at (1) is a dummy argument of the BIND(C) procedure ‘gas_optical_depths_minor’ but may not be C interoperable [-Wc-binding-type]
../rrtmgp/kernels/mo_gas_optics_kernels.F90:349:56:

                                       layer_limits,jtemp,    &
                                                        1
Warning: Variable ‘jtemp’ at (1) is a dummy argument of the BIND(C) procedure ‘gas_optical_depths_minor’ but may not be C interoperable [-Wc-binding-type]
../rrtmgp/kernels/mo_gas_optics_kernels.F90:31:20:

                 ncol,nlay,ngas,nflav,neta, npres, ntemp, &
                    1
Warning: Variable ‘ncol’ at (1) is a dummy argument of the BIND(C) procedure ‘interpolation’ but may not be C interoperable [-Wc-binding-type]
../rrtmgp/kernels/mo_gas_optics_kernels.F90:31:25:

                 ncol,nlay,ngas,nflav,neta, npres, ntemp, &
                         1
Warning: Variable ‘nlay’ at (1) is a dummy argument of the BIND(C) procedure ‘interpolation’ but may not be C interoperable [-Wc-binding-type]
../rrtmgp/kernels/mo_gas_optics_kernels.F90:31:30:

                 ncol,nlay,ngas,nflav,neta, npres, ntemp, &
                              1
Warning: Variable ‘ngas’ at (1) is a dummy argument of the BIND(C) procedure ‘interpolation’ but may not be C interoperable [-Wc-binding-type]
../rrtmgp/kernels/mo_gas_optics_kernels.F90:31:36:

                 ncol,nlay,ngas,nflav,neta, npres, ntemp, &
                                    1
Warning: Variable ‘nflav’ at (1) is a dummy argument of the BIND(C) procedure ‘interpolation’ but may not be C interoperable [-Wc-binding-type]
../rrtmgp/kernels/mo_gas_optics_kernels.F90:31:41:

                 ncol,nlay,ngas,nflav,neta, npres, ntemp, &
                                         1
Warning: Variable ‘neta’ at (1) is a dummy argument of the BIND(C) procedure ‘interpolation’ but may not be C interoperable [-Wc-binding-type]
../rrtmgp/kernels/mo_gas_optics_kernels.F90:31:48:

                 ncol,nlay,ngas,nflav,neta, npres, ntemp, &
                                                1
Warning: Variable ‘npres’ at (1) is a dummy argument of the BIND(C) procedure ‘interpolation’ but may not be C interoperable [-Wc-binding-type]
../rrtmgp/kernels/mo_gas_optics_kernels.F90:31:55:

                 ncol,nlay,ngas,nflav,neta, npres, ntemp, &
                                                       1
Warning: Variable ‘ntemp’ at (1) is a dummy argument of the BIND(C) procedure ‘interpolation’ but may not be C interoperable [-Wc-binding-type]
../rrtmgp/kernels/mo_gas_optics_kernels.F90:32:22:

                 flavor,                                  &
                      1
Warning: Variable ‘flavor’ at (1) is a dummy argument of the BIND(C) procedure ‘interpolation’ but may not be C interoperable [-Wc-binding-type]
../rrtmgp/kernels/mo_gas_optics_kernels.F90:37:21:

                 jtemp,fmajor,fminor,col_mix,tropo,jeta,jpress) bind(C, name="interpolation")
                     1
Warning: Variable ‘jtemp’ at (1) is a dummy argument of the BIND(C) procedure ‘interpolation’ but may not be C interoperable [-Wc-binding-type]
../rrtmgp/kernels/mo_gas_optics_kernels.F90:37:54:

                 jtemp,fmajor,fminor,col_mix,tropo,jeta,jpress) bind(C, name="interpolation")
                                                      1
Warning: Variable ‘jeta’ at (1) is a dummy argument of the BIND(C) procedure ‘interpolation’ but may not be C interoperable [-Wc-binding-type]
../rrtmgp/kernels/mo_gas_optics_kernels.F90:37:61:

                 jtemp,fmajor,fminor,col_mix,tropo,jeta,jpress) bind(C, name="interpolation")
                                                             1
Warning: Variable ‘jpress’ at (1) is a dummy argument of the BIND(C) procedure ‘interpolation’ but may not be C interoperable [-Wc-binding-type]
../rrtmgp/kernels/mo_gas_optics_kernels.F90:1037:34:

   pure subroutine zero_array_3D(ni, nj, nk, array) bind(C, name="zero_array_3D")
                                  1
Warning: Variable ‘ni’ at (1) is a dummy argument of the BIND(C) procedure ‘zero_array_3d’ but may not be C interoperable [-Wc-binding-type]
../rrtmgp/kernels/mo_gas_optics_kernels.F90:1037:38:

   pure subroutine zero_array_3D(ni, nj, nk, array) bind(C, name="zero_array_3D")
                                      1
Warning: Variable ‘nj’ at (1) is a dummy argument of the BIND(C) procedure ‘zero_array_3d’ but may not be C interoperable [-Wc-binding-type]
../rrtmgp/kernels/mo_gas_optics_kernels.F90:1037:42:

   pure subroutine zero_array_3D(ni, nj, nk, array) bind(C, name="zero_array_3D")
                                          1
Warning: Variable ‘nk’ at (1) is a dummy argument of the BIND(C) procedure ‘zero_array_3d’ but may not be C interoperable [-Wc-binding-type]
../rrtmgp/kernels/mo_gas_optics_kernels.F90:1053:34:

   pure subroutine zero_array_4D(ni, nj, nk, nl, array) bind(C, name="zero_array_4D")
                                  1
Warning: Variable ‘ni’ at (1) is a dummy argument of the BIND(C) procedure ‘zero_array_4d’ but may not be C interoperable [-Wc-binding-type]
../rrtmgp/kernels/mo_gas_optics_kernels.F90:1053:38:

   pure subroutine zero_array_4D(ni, nj, nk, nl, array) bind(C, name="zero_array_4D")
                                      1
Warning: Variable ‘nj’ at (1) is a dummy argument of the BIND(C) procedure ‘zero_array_4d’ but may not be C interoperable [-Wc-binding-type]
../rrtmgp/kernels/mo_gas_optics_kernels.F90:1053:42:

   pure subroutine zero_array_4D(ni, nj, nk, nl, array) bind(C, name="zero_array_4D")
                                          1
Warning: Variable ‘nk’ at (1) is a dummy argument of the BIND(C) procedure ‘zero_array_4d’ but may not be C interoperable [-Wc-binding-type]
../rrtmgp/kernels/mo_gas_optics_kernels.F90:1053:46:

   pure subroutine zero_array_4D(ni, nj, nk, nl, array) bind(C, name="zero_array_4D")
                                              1
Warning: Variable ‘nl’ at (1) is a dummy argument of the BIND(C) procedure ‘zero_array_4d’ but may not be C interoperable [-Wc-binding-type]
../rrtmgp/kernels/mo_gas_optics_kernels.F90:771:29:

                     nn_inputs, pfrac_scaler,           &
                             1
Warning: Unused dummy argument ‘nn_inputs’ at (1) [-Wunused-dummy-argument]
../rrtmgp/kernels/mo_gas_optics_kernels.F90:685:25:

                     ntemp, nPlanckTemp,                   &
                         1
Warning: Unused dummy argument ‘ntemp’ at (1) [-Wunused-dummy-argument]
../rrtmgp/kernels/mo_gas_optics_kernels.F90:598:25:

                     ntemp, nPlanckTemp,                   &
                         1
Warning: Unused dummy argument ‘ntemp’ at (1) [-Wunused-dummy-argument]
../rrtmgp/kernels/mo_gas_optics_kernels.F90:487:32:

                     gpoint_bands, band_lims_gpt,           &
                                1
Warning: Unused dummy argument ‘gpoint_bands’ at (1) [-Wunused-dummy-argument]
../rrtmgp/kernels/mo_gas_optics_kernels.F90:461:45:

     integer  :: icol, ilay, iflav, ibnd, igpt, gptS, gptE
                                             1
Warning: Unused variable ‘igpt’ declared at (1) [-Wunused-variable]
../rrtmgp/kernels/mo_gas_optics_kernels.F90:438:55:

                                   ngas,nflav,neta,npres,ntemp, &
                                                       1
Warning: Unused dummy argument ‘npres’ at (1) [-Wunused-dummy-argument]
../rrtmgp/kernels/mo_gas_optics_kernels.F90:374:39:

     integer  :: icol, ilay, iflav, igpt, imnr
                                       1
Warning: Unused variable ‘igpt’ declared at (1) [-Wunused-variable]
../rrtmgp/kernels/mo_gas_optics_kernels.F90:373:35:

     real(wp) :: scaling, kminor_loc            ! minor species absorption coefficient, optical depth
                                   1
Warning: Unused variable ‘kminor_loc’ declared at (1) [-Wunused-variable]
../rrtmgp/kernels/mo_gas_optics_kernels.F90:306:44:

     integer :: icol, ilay, iflav, ibnd, igpt, itropo
                                            1
Warning: Unused variable ‘igpt’ declared at (1) [-Wunused-variable]
gfortran -ffree-line-length-none -m64 -std=f2003 -march=native -mno-avx -pedantic -g -fbounds-check -Wall -fbacktrace -finit-real=nan  -c ../rrtmgp/mo_gas_optics.F90
gfortran -ffree-line-length-none -m64 -std=f2003 -march=native -mno-avx -pedantic -g -fbounds-check -Wall -fbacktrace -finit-real=nan  -c ../rrtmgp/mo_gas_optics_rrtmgp.F90
../rrtmgp/mo_gas_optics_rrtmgp.F90:31:60:

                                    compute_Planck_source_nn, compute_taus_pfracs_nnlw
                                                            1
Error: Symbol ‘compute_taus_pfracs_nnlw’ referenced at (1) not found in module ‘mo_gas_optics_kernels’
../rrtmgp/mo_gas_optics_rrtmgp.F90:703:9:

 real(wp), dimension(ngpt,2),        :: pfrac_scaler       ! for post-processing the NN-predicted planck fractions 
         1
Error: Invalid character in name at (1)
../rrtmgp/mo_gas_optics_rrtmgp.F90:835:25:

 read(102, *) pfrac_scaler(:,1)
                         1
Error: Syntax error in READ statement at (1)
../rrtmgp/mo_gas_optics_rrtmgp.F90:837:25:

 read(103, *) pfrac_scaler(:,2)
                         1
Error: Syntax error in READ statement at (1)
../rrtmgp/mo_gas_optics_rrtmgp.F90:160:13:

     procedure, public  :: gas_optics_int_nn
             1
Error: Argument mismatch for the overriding procedure ‘gas_optics_int_nn’ at (1): INTENT mismatch in argument 'nn_inputs'
../rrtmgp/mo_gas_optics_rrtmgp.F90:43:62:

   type, extends(ty_gas_optics), public :: ty_gas_optics_rrtmgp
                                                              1
Error: Derived-type ‘ty_gas_optics_rrtmgp’ declared at (1) must be ABSTRACT because ‘gas_optics_int_nn’ is DEFERRED and not overridden
../rrtmgp/mo_gas_optics_rrtmgp.F90:43:62:

   type, extends(ty_gas_optics), public :: ty_gas_optics_rrtmgp
                                                              1
Error: Derived-type ‘ty_gas_optics_rrtmgp’ declared at (1) must be ABSTRACT because ‘gas_optics_int_nn’ is DEFERRED and not overridden
../rrtmgp/mo_gas_optics_rrtmgp.F90:43:62:

   type, extends(ty_gas_optics), public :: ty_gas_optics_rrtmgp
                                                              1
Error: Derived-type ‘ty_gas_optics_rrtmgp’ declared at (1) must be ABSTRACT because ‘gas_optics_int_nn’ is DEFERRED and not overridden
../rrtmgp/mo_gas_optics_rrtmgp.F90:851:23:

 nn_inputs, pfrac_scaler,       &  ! inputs
                       1
Error: Symbol ‘pfrac_scaler’ at (1) has no IMPLICIT type
../rrtmgp/mo_gas_optics_rrtmgp.F90:43:62:

   type, extends(ty_gas_optics), public :: ty_gas_optics_rrtmgp
                                                              1
Error: Derived-type ‘ty_gas_optics_rrtmgp’ declared at (1) must be ABSTRACT because ‘gas_optics_int_nn’ is DEFERRED and not overridden
../rrtmgp/mo_gas_optics_rrtmgp.F90:43:62:

   type, extends(ty_gas_optics), public :: ty_gas_optics_rrtmgp
                                                              1
Error: Derived-type ‘ty_gas_optics_rrtmgp’ declared at (1) must be ABSTRACT because ‘gas_optics_int_nn’ is DEFERRED and not overridden
../rrtmgp/mo_gas_optics_rrtmgp.F90:43:62:

   type, extends(ty_gas_optics), public :: ty_gas_optics_rrtmgp
                                                              1
Error: Derived-type ‘ty_gas_optics_rrtmgp’ declared at (1) must be ABSTRACT because ‘gas_optics_int_nn’ is DEFERRED and not overridden
../rrtmgp/mo_gas_optics_rrtmgp.F90:43:62:

   type, extends(ty_gas_optics), public :: ty_gas_optics_rrtmgp
                                                              1
Error: Derived-type ‘ty_gas_optics_rrtmgp’ declared at (1) must be ABSTRACT because ‘gas_optics_int_nn’ is DEFERRED and not overridden
../rrtmgp/mo_gas_optics_rrtmgp.F90:43:62:

   type, extends(ty_gas_optics), public :: ty_gas_optics_rrtmgp
                                                              1
Error: Derived-type ‘ty_gas_optics_rrtmgp’ declared at (1) must be ABSTRACT because ‘gas_optics_int_nn’ is DEFERRED and not overridden
../rrtmgp/mo_gas_optics_rrtmgp.F90:43:62:

   type, extends(ty_gas_optics), public :: ty_gas_optics_rrtmgp
                                                              1
Error: Derived-type ‘ty_gas_optics_rrtmgp’ declared at (1) must be ABSTRACT because ‘gas_optics_int_nn’ is DEFERRED and not overridden
../rrtmgp/mo_gas_optics_rrtmgp.F90:378:53:

                                  optical_props, pfrac,      &
                                                     1
Error: Symbol ‘pfrac’ at (1) has no IMPLICIT type
../rrtmgp/mo_gas_optics_rrtmgp.F90:43:62:

   type, extends(ty_gas_optics), public :: ty_gas_optics_rrtmgp
                                                              1
Error: Derived-type ‘ty_gas_optics_rrtmgp’ declared at (1) must be ABSTRACT because ‘gas_optics_int_nn’ is DEFERRED and not overridden
../rrtmgp/mo_gas_optics_rrtmgp.F90:43:62:

   type, extends(ty_gas_optics), public :: ty_gas_optics_rrtmgp
                                                              1
Error: Derived-type ‘ty_gas_optics_rrtmgp’ declared at (1) must be ABSTRACT because ‘gas_optics_int_nn’ is DEFERRED and not overridden
../rrtmgp/mo_gas_optics_rrtmgp.F90:43:62:

   type, extends(ty_gas_optics), public :: ty_gas_optics_rrtmgp
                                                              1
Error: Derived-type ‘ty_gas_optics_rrtmgp’ declared at (1) must be ABSTRACT because ‘gas_optics_int_nn’ is DEFERRED and not overridden
../rrtmgp/mo_gas_optics_rrtmgp.F90:43:62:

   type, extends(ty_gas_optics), public :: ty_gas_optics_rrtmgp
                                                              1
Error: Derived-type ‘ty_gas_optics_rrtmgp’ declared at (1) must be ABSTRACT because ‘gas_optics_int_nn’ is DEFERRED and not overridden
../rrtmgp/mo_gas_optics_rrtmgp.F90:43:62:

   type, extends(ty_gas_optics), public :: ty_gas_optics_rrtmgp
                                                              1
Error: Derived-type ‘ty_gas_optics_rrtmgp’ declared at (1) must be ABSTRACT because ‘gas_optics_int_nn’ is DEFERRED and not overridden
../rrtmgp/mo_gas_optics_rrtmgp.F90:43:62:

   type, extends(ty_gas_optics), public :: ty_gas_optics_rrtmgp
                                                              1
Error: Derived-type ‘ty_gas_optics_rrtmgp’ declared at (1) must be ABSTRACT because ‘gas_optics_int_nn’ is DEFERRED and not overridden
../rrtmgp/mo_gas_optics_rrtmgp.F90:43:62:

   type, extends(ty_gas_optics), public :: ty_gas_optics_rrtmgp
                                                              1
Error: Derived-type ‘ty_gas_optics_rrtmgp’ declared at (1) must be ABSTRACT because ‘gas_optics_int_nn’ is DEFERRED and not overridden
../rrtmgp/mo_gas_optics_rrtmgp.F90:43:62:

   type, extends(ty_gas_optics), public :: ty_gas_optics_rrtmgp
                                                              1
Error: Derived-type ‘ty_gas_optics_rrtmgp’ declared at (1) must be ABSTRACT because ‘gas_optics_int_nn’ is DEFERRED and not overridden
../rrtmgp/mo_gas_optics_rrtmgp.F90:43:62:

   type, extends(ty_gas_optics), public :: ty_gas_optics_rrtmgp
                                                              1
Error: Derived-type ‘ty_gas_optics_rrtmgp’ declared at (1) must be ABSTRACT because ‘gas_optics_int_nn’ is DEFERRED and not overridden
../rrtmgp/mo_gas_optics_rrtmgp.F90:43:62:

   type, extends(ty_gas_optics), public :: ty_gas_optics_rrtmgp
                                                              1
Error: Derived-type ‘ty_gas_optics_rrtmgp’ declared at (1) must be ABSTRACT because ‘gas_optics_int_nn’ is DEFERRED and not overridden
../rrtmgp/mo_gas_optics_rrtmgp.F90:43:62:

   type, extends(ty_gas_optics), public :: ty_gas_optics_rrtmgp
                                                              1
Error: Derived-type ‘ty_gas_optics_rrtmgp’ declared at (1) must be ABSTRACT because ‘gas_optics_int_nn’ is DEFERRED and not overridden
../rrtmgp/mo_gas_optics_rrtmgp.F90:43:62:

   type, extends(ty_gas_optics), public :: ty_gas_optics_rrtmgp
                                                              1
Error: Derived-type ‘ty_gas_optics_rrtmgp’ declared at (1) must be ABSTRACT because ‘gas_optics_int_nn’ is DEFERRED and not overridden
../rrtmgp/mo_gas_optics_rrtmgp.F90:43:62:

   type, extends(ty_gas_optics), public :: ty_gas_optics_rrtmgp
                                                              1
Error: Derived-type ‘ty_gas_optics_rrtmgp’ declared at (1) must be ABSTRACT because ‘gas_optics_int_nn’ is DEFERRED and not overridden
../rrtmgp/mo_gas_optics_rrtmgp.F90:43:62:

   type, extends(ty_gas_optics), public :: ty_gas_optics_rrtmgp
                                                              1
Error: Derived-type ‘ty_gas_optics_rrtmgp’ declared at (1) must be ABSTRACT because ‘gas_optics_int_nn’ is DEFERRED and not overridden
../rrtmgp/mo_gas_optics_rrtmgp.F90:43:62:

   type, extends(ty_gas_optics), public :: ty_gas_optics_rrtmgp
                                                              1
Error: Derived-type ‘ty_gas_optics_rrtmgp’ declared at (1) must be ABSTRACT because ‘gas_optics_int_nn’ is DEFERRED and not overridden
../rrtmgp/mo_gas_optics_rrtmgp.F90:43:62:

   type, extends(ty_gas_optics), public :: ty_gas_optics_rrtmgp
                                                              1
Error: Derived-type ‘ty_gas_optics_rrtmgp’ declared at (1) must be ABSTRACT because ‘gas_optics_int_nn’ is DEFERRED and not overridden
../rrtmgp/mo_gas_optics_rrtmgp.F90:43:62:

   type, extends(ty_gas_optics), public :: ty_gas_optics_rrtmgp
                                                              1
Error: Derived-type ‘ty_gas_optics_rrtmgp’ declared at (1) must be ABSTRACT because ‘gas_optics_int_nn’ is DEFERRED and not overridden
../rrtmgp/mo_gas_optics_rrtmgp.F90:43:62:

   type, extends(ty_gas_optics), public :: ty_gas_optics_rrtmgp
                                                              1
Error: Derived-type ‘ty_gas_optics_rrtmgp’ declared at (1) must be ABSTRACT because ‘gas_optics_int_nn’ is DEFERRED and not overridden
../rrtmgp/mo_gas_optics_rrtmgp.F90:43:62:

   type, extends(ty_gas_optics), public :: ty_gas_optics_rrtmgp
                                                              1
Error: Derived-type ‘ty_gas_optics_rrtmgp’ declared at (1) must be ABSTRACT because ‘gas_optics_int_nn’ is DEFERRED and not overridden
../rrtmgp/mo_gas_optics_rrtmgp.F90:43:62:

   type, extends(ty_gas_optics), public :: ty_gas_optics_rrtmgp
                                                              1
Error: Derived-type ‘ty_gas_optics_rrtmgp’ declared at (1) must be ABSTRACT because ‘gas_optics_int_nn’ is DEFERRED and not overridden
../rrtmgp/mo_gas_optics_rrtmgp.F90:43:62:

   type, extends(ty_gas_optics), public :: ty_gas_optics_rrtmgp
                                                              1
Error: Derived-type ‘ty_gas_optics_rrtmgp’ declared at (1) must be ABSTRACT because ‘gas_optics_int_nn’ is DEFERRED and not overridden
../rrtmgp/mo_gas_optics_rrtmgp.F90:43:62:

   type, extends(ty_gas_optics), public :: ty_gas_optics_rrtmgp
                                                              1
Error: Derived-type ‘ty_gas_optics_rrtmgp’ declared at (1) must be ABSTRACT because ‘gas_optics_int_nn’ is DEFERRED and not overridden
../rrtmgp/mo_gas_optics_rrtmgp.F90:43:62:

   type, extends(ty_gas_optics), public :: ty_gas_optics_rrtmgp
                                                              1
Error: Derived-type ‘ty_gas_optics_rrtmgp’ declared at (1) must be ABSTRACT because ‘gas_optics_int_nn’ is DEFERRED and not overridden
../rrtmgp/mo_gas_optics_rrtmgp.F90:43:62:

   type, extends(ty_gas_optics), public :: ty_gas_optics_rrtmgp
                                                              1
Error: Derived-type ‘ty_gas_optics_rrtmgp’ declared at (1) must be ABSTRACT because ‘gas_optics_int_nn’ is DEFERRED and not overridden
../rrtmgp/mo_gas_optics_rrtmgp.F90:43:62:

   type, extends(ty_gas_optics), public :: ty_gas_optics_rrtmgp
                                                              1
Error: Derived-type ‘ty_gas_optics_rrtmgp’ declared at (1) must be ABSTRACT because ‘gas_optics_int_nn’ is DEFERRED and not overridden
../rrtmgp/mo_gas_optics_rrtmgp.F90:43:62:

   type, extends(ty_gas_optics), public :: ty_gas_optics_rrtmgp
                                                              1
Error: Derived-type ‘ty_gas_optics_rrtmgp’ declared at (1) must be ABSTRACT because ‘gas_optics_int_nn’ is DEFERRED and not overridden
../rrtmgp/mo_gas_optics_rrtmgp.F90:43:62:

   type, extends(ty_gas_optics), public :: ty_gas_optics_rrtmgp
                                                              1
Error: Derived-type ‘ty_gas_optics_rrtmgp’ declared at (1) must be ABSTRACT because ‘gas_optics_int_nn’ is DEFERRED and not overridden
Makefile.rules:8: recipe for target 'mo_gas_optics_rrtmgp.o' failed
make: *** [mo_gas_optics_rrtmgp.o] Error 1
